******************************************************************************
                  TI ARM Linker PC v18.1.2                     
******************************************************************************
>> Linked Sun Jun 17 11:39:16 2018

OUTPUT FILE NAME:   <EGR424_Project2_IR.out>
ENTRY POINT SYMBOL: "_c_int00_noargs"  address: 00000e2d


MEMORY CONFIGURATION

         name            origin    length      used     unused   attr    fill
----------------------  --------  ---------  --------  --------  ----  --------
  MAIN                  00000000   00040000  00000f8a  0003f076  R  X
  INFO                  00200000   00004000  00000000  00004000  R  X
  SRAM_CODE             01000000   00010000  00000000  00010000  RW X
  SRAM_DATA             20000000   00010000  00000222  0000fdde  RW  


SEGMENT ALLOCATION MAP

run origin  load origin   length   init length attrs members
----------  ----------- ---------- ----------- ----- -------
00000000    00000000    00000f90   00000f90    r-x
  00000000    00000000    00000140   00000140    r-- .intvecs
  00000140    00000140    00000e1a   00000e1a    r-x .text
  00000f60    00000f60    00000030   00000030    r-- .cinit
20000000    20000000    00000024   00000000    rw-
  20000000    20000000    0000001e   00000000    rw- .bss
  20000020    20000020    00000004   00000000    rw- .data
2000fe00    2000fe00    00000200   00000000    rw-
  2000fe00    2000fe00    00000200   00000000    rw- .stack


SECTION ALLOCATION MAP

 output                                  attributes/
section   page    origin      length       input sections
--------  ----  ----------  ----------   ----------------
.intvecs   0    00000000    00000140     
                  00000000    00000140     startup_msp432p401r_ccs.obj (.intvecs:retain)

.text      0    00000140    00000e1a     
                  00000140    00000328     system_msp432p401r.obj (.text)
                  00000468    00000136     rtsv7M4_T_le_v4SPD16_eabi.lib : fd_div_t2.asm.obj (.text)
                  0000059e    00000002     --HOLE-- [fill = 0]
                  000005a0    00000104     msp432p4xx_driverlib.lib : cs.o (.text:CS_getDCOFrequency)
                  000006a4    000000fc     rtsv7M4_T_le_v4SPD16_eabi.lib : fd_mul_t2.asm.obj (.text)
                  000007a0    000000cc     clockConfig.obj (.text)
                  0000086c    0000009c     msp432p4xx_driverlib.lib : cs.o (.text:CS_startHFXTWithTimeout)
                  00000908    0000009c                              : cs.o (.text:_CSComputeCLKFrequency)
                  000009a4    0000009c     rtsv7M4_T_le_v4SPD16_eabi.lib : memcpy_t2.asm.obj (.text)
                  00000a40    00000098     ADC_driver.obj (.text)
                  00000ad8    00000078     main.obj (.text)
                  00000b50    00000070     msp432p4xx_driverlib.lib : cs.o (.text:_CSGetHFXTFrequency)
                  00000bc0    0000006e     rtsv7M4_T_le_v4SPD16_eabi.lib : fd_tos_t2.asm.obj (.text)
                  00000c2e    00000002     --HOLE-- [fill = 0]
                  00000c30    0000006c     systick_init.obj (.text)
                  00000c9c    00000068     rtsv7M4_T_le_v4SPD16_eabi.lib : copy_decompress_lzss.c.obj (.text:decompress:lzss:__TI_decompress_lzss)
                  00000d04    00000050     msp432p4xx_driverlib.lib : sysctl.o (.text:SysCtl_getTLVInfo)
                  00000d54    0000004c                              : cs.o (.text:_CSGetDOCFrequency)
                  00000da0    00000048                              : cs.o (.text:_CSGetDividerValue)
                  00000de8    00000044     rtsv7M4_T_le_v4SPD16_eabi.lib : autoinit.c.obj (.text:__TI_auto_init_nobinit_nopinit:__TI_auto_init_nobinit_nopinit)
                  00000e2c    00000038                                   : boot_cortex_m.c.obj (.text:_c_int00_noargs:_c_int00_noargs)
                  00000e64    00000024     msp432p4xx_driverlib.lib : cs.o (.text:CS_clearInterruptFlag)
                  00000e88    00000020     rtsv7M4_T_le_v4SPD16_eabi.lib : u_tofd_t2.asm.obj (.text)
                  00000ea8    00000018     msp432p4xx_driverlib.lib : cs.o (.text:CS_getMCLK)
                  00000ec0    00000018                              : cs.o (.text:CS_getSMCLK)
                  00000ed8    00000014                              : cs.o (.text:CS_setExternalClockSourceFrequency)
                  00000eec    00000012     rtsv7M4_T_le_v4SPD16_eabi.lib : copy_zero_init.c.obj (.text:decompress:ZI:__TI_zero_init_nomemset:__TI_zero_init_nomemset)
                  00000efe    00000012     startup_msp432p401r_ccs.obj (.text)
                  00000f10    00000010     msp432p4xx_driverlib.lib : sysctl.o (.text:SysCtl_disableNMISource)
                  00000f20    00000010                              : sysctl.o (.text:SysCtl_enableNMISource)
                  00000f30    0000000e     rtsv7M4_T_le_v4SPD16_eabi.lib : copy_decompress_none.c.obj (.text:decompress:none:__TI_decompress_none)
                  00000f3e    00000002     --HOLE-- [fill = 0]
                  00000f40    0000000c     msp432p4xx_driverlib.lib : sysctl.o (.text:SysCtl_getNMISourceStatus)
                  00000f4c    00000006                              : cs.o (.text:CS_startHFXT)
                  00000f52    00000004     rtsv7M4_T_le_v4SPD16_eabi.lib : pre_init.c.obj (.text:_system_pre_init)
                  00000f56    00000004                                   : exit.c.obj (.text:abort:abort)

.cinit     0    00000f60    00000030     
                  00000f60    0000000c     (__TI_handler_table)
                  00000f6c    00000004     --HOLE-- [fill = 0]
                  00000f70    00000008     (.cinit..bss.load) [load image, compression = zero_init]
                  00000f78    00000008     (.cinit..data.load) [load image, compression = lzss]
                  00000f80    00000010     (__TI_cinit_table)

.init_array 
*          0    00000000    00000000     UNINITIALIZED

.bss       0    20000000    0000001e     UNINITIALIZED
                  20000000    00000004     (.common:IR_Flag)
                  20000004    00000004     (.common:MCLKfreq)
                  20000008    00000004     (.common:SMCLKfreq)
                  2000000c    00000004     (.common:distance)
                  20000010    00000004     (.common:flag)
                  20000014    00000004     (.common:hfxtFreq)
                  20000018    00000004     (.common:lfxtFreq)
                  2000001c    00000002     (.common:raw_adc)

.data      0    20000020    00000004     UNINITIALIZED
                  20000020    00000004     system_msp432p401r.obj (.data)

.stack     0    2000fe00    00000200     UNINITIALIZED
                  2000fe00    00000004     rtsv7M4_T_le_v4SPD16_eabi.lib : boot_cortex_m.c.obj (.stack)
                  2000fe04    000001fc     --HOLE--

MODULE SUMMARY

       Module                        code   ro data   rw data
       ------                        ----   -------   -------
    .\
       system_msp432p401r.obj        808    0         4      
       startup_msp432p401r_ccs.obj   18     320       0      
       clockConfig.obj               204    0         8      
       ADC_driver.obj                152    0         0      
       main.obj                      120    0         10     
       systick_init.obj              108    0         4      
    +--+-----------------------------+------+---------+---------+
       Total:                        1410   320       26     
                                                             
    C:/ti/msp/MSP432Ware_3_50_00_02/driverlib/driverlib/MSP432P4xx/ccs/msp432p4xx_driverlib.lib
       cs.o                          942    0         8      
       sysctl.o                      124    0         0      
    +--+-----------------------------+------+---------+---------+
       Total:                        1066   0         8      
                                                             
    C:\ti\ccsv7\tools\compiler\ti-cgt-arm_18.1.2.LTS\lib\rtsv7M4_T_le_v4SPD16_eabi.lib
       fd_div_t2.asm.obj             310    0         0      
       fd_mul_t2.asm.obj             252    0         0      
       memcpy_t2.asm.obj             156    0         0      
       fd_tos_t2.asm.obj             110    0         0      
       copy_decompress_lzss.c.obj    104    0         0      
       autoinit.c.obj                68     0         0      
       boot_cortex_m.c.obj           56     0         0      
       u_tofd_t2.asm.obj             32     0         0      
       copy_zero_init.c.obj          18     0         0      
       copy_decompress_none.c.obj    14     0         0      
       exit.c.obj                    4      0         0      
       pre_init.c.obj                4      0         0      
    +--+-----------------------------+------+---------+---------+
       Total:                        1128   0         0      
                                                             
       Stack:                        0      0         512    
       Linker Generated:             0      44        0      
    +--+-----------------------------+------+---------+---------+
       Grand Total:                  3604   364       546    


LINKER GENERATED COPY TABLES

__TI_cinit_table @ 00000f80 records: 2, size/record: 8, table size: 16
	.bss: load addr=00000f70, load size=00000008 bytes, run addr=20000000, run size=0000001e bytes, compression=zero_init
	.data: load addr=00000f78, load size=00000008 bytes, run addr=20000020, run size=00000004 bytes, compression=lzss


LINKER GENERATED HANDLER TABLE

__TI_handler_table @ 00000f60 records: 3, size/record: 4, table size: 12
	index: 0, handler: __TI_decompress_lzss
	index: 1, handler: __TI_decompress_none
	index: 2, handler: __TI_zero_init


GLOBAL SYMBOLS: SORTED ALPHABETICALLY BY Name 

address   name                              
-------   ----                              
00000a41  ADC_init                          
00000aa7  ADC_read                          
00000f57  C$$EXIT                           
00000e65  CS_clearInterruptFlag             
000005a1  CS_getDCOFrequency                
00000ea9  CS_getMCLK                        
00000ec1  CS_getSMCLK                       
00000ed9  CS_setExternalClockSourceFrequency
00000f4d  CS_startHFXT                      
0000086d  CS_startHFXTWithTimeout           
20000000  IR_Flag                           
20000004  MCLKfreq                          
20000008  SMCLKfreq                         
00000f11  SysCtl_disableNMISource           
00000f21  SysCtl_enableNMISource            
00000f41  SysCtl_getNMISourceStatus         
00000d05  SysCtl_getTLVInfo                 
00000c7d  SysTickISR                        
00000c31  SysTick_Init                      
00000c4d  SysTick_Load                      
00000c69  SysTick_Start                     
20000020  SystemCoreClock                   
00000141  SystemCoreClockUpdate             
000003b5  SystemInit                        
4000480c  WDTCTL_SYM                        
20010000  __STACK_END                       
00000200  __STACK_SIZE                      
00000f80  __TI_CINIT_Base                   
00000f90  __TI_CINIT_Limit                  
00000f60  __TI_Handler_Table_Base           
00000f6c  __TI_Handler_Table_Limit          
00000de9  __TI_auto_init_nobinit_nopinit    
00000c9d  __TI_decompress_lzss              
00000f31  __TI_decompress_none              
ffffffff  __TI_pprof_out_hndl               
ffffffff  __TI_prof_data_size               
ffffffff  __TI_prof_data_start              
00000000  __TI_static_base__                
00000eed  __TI_zero_init_nomemset           
00000bc1  __aeabi_d2f                       
00000469  __aeabi_ddiv                      
000006a5  __aeabi_dmul                      
000009a5  __aeabi_memcpy                    
000009a5  __aeabi_memcpy4                   
000009a5  __aeabi_memcpy8                   
00000e89  __aeabi_ui2d                      
ffffffff  __binit__                         
ffffffff  __c_args__                        
UNDEFED   __mpu_init                        
2000fe00  __stack                           
00000e2d  _c_int00_noargs                   
UNDEFED   _system_post_cinit                
00000f53  _system_pre_init                  
00000f57  abort                             
ffffffff  binit                             
000007e7  clockInit48MHzXTL                 
000007ad  clockStartUp                      
2000000c  distance                          
20000010  flag                              
000007a1  getMCLKfreq                       
000007a7  getSMCLKfreq                      
00000000  interruptVectors                  
00000ad9  main                              
000009a5  memcpy                            
2000001c  raw_adc                           


GLOBAL SYMBOLS: SORTED BY Symbol Address 

address   name                              
-------   ----                              
00000000  __TI_static_base__                
00000000  interruptVectors                  
00000141  SystemCoreClockUpdate             
00000200  __STACK_SIZE                      
000003b5  SystemInit                        
00000469  __aeabi_ddiv                      
000005a1  CS_getDCOFrequency                
000006a5  __aeabi_dmul                      
000007a1  getMCLKfreq                       
000007a7  getSMCLKfreq                      
000007ad  clockStartUp                      
000007e7  clockInit48MHzXTL                 
0000086d  CS_startHFXTWithTimeout           
000009a5  __aeabi_memcpy                    
000009a5  __aeabi_memcpy4                   
000009a5  __aeabi_memcpy8                   
000009a5  memcpy                            
00000a41  ADC_init                          
00000aa7  ADC_read                          
00000ad9  main                              
00000bc1  __aeabi_d2f                       
00000c31  SysTick_Init                      
00000c4d  SysTick_Load                      
00000c69  SysTick_Start                     
00000c7d  SysTickISR                        
00000c9d  __TI_decompress_lzss              
00000d05  SysCtl_getTLVInfo                 
00000de9  __TI_auto_init_nobinit_nopinit    
00000e2d  _c_int00_noargs                   
00000e65  CS_clearInterruptFlag             
00000e89  __aeabi_ui2d                      
00000ea9  CS_getMCLK                        
00000ec1  CS_getSMCLK                       
00000ed9  CS_setExternalClockSourceFrequency
00000eed  __TI_zero_init_nomemset           
00000f11  SysCtl_disableNMISource           
00000f21  SysCtl_enableNMISource            
00000f31  __TI_decompress_none              
00000f41  SysCtl_getNMISourceStatus         
00000f4d  CS_startHFXT                      
00000f53  _system_pre_init                  
00000f57  C$$EXIT                           
00000f57  abort                             
00000f60  __TI_Handler_Table_Base           
00000f6c  __TI_Handler_Table_Limit          
00000f80  __TI_CINIT_Base                   
00000f90  __TI_CINIT_Limit                  
20000000  IR_Flag                           
20000004  MCLKfreq                          
20000008  SMCLKfreq                         
2000000c  distance                          
20000010  flag                              
2000001c  raw_adc                           
20000020  SystemCoreClock                   
2000fe00  __stack                           
20010000  __STACK_END                       
4000480c  WDTCTL_SYM                        
ffffffff  __TI_pprof_out_hndl               
ffffffff  __TI_prof_data_size               
ffffffff  __TI_prof_data_start              
ffffffff  __binit__                         
ffffffff  __c_args__                        
ffffffff  binit                             
UNDEFED   __mpu_init                        
UNDEFED   _system_post_cinit                

[65 symbols]
