******************************************************************************
                  TI ARM Linker PC v18.1.2                     
******************************************************************************
>> Linked Thu Jun 28 13:28:07 2018

OUTPUT FILE NAME:   <EGR424_Project2_IR.out>
ENTRY POINT SYMBOL: "_c_int00_noargs"  address: 00002c05


MEMORY CONFIGURATION

         name            origin    length      used     unused   attr    fill
----------------------  --------  ---------  --------  --------  ----  --------
  MAIN                  00000000   00040000  00002f77  0003d089  R  X
  INFO                  00200000   00004000  00000000  00004000  R  X
  SRAM_CODE             01000000   00010000  00000000  00010000  RW X
  SRAM_DATA             20000000   00010000  00000246  0000fdba  RW  


SEGMENT ALLOCATION MAP

run origin  load origin   length   init length attrs members
----------  ----------- ---------- ----------- ----- -------
00000000    00000000    00002f78   00002f78    r-x
  00000000    00000000    00000140   00000140    r-- .intvecs
  00000140    00000140    00002cf6   00002cf6    r-x .text
  00002e36    00002e36    00000101   00000101    r-- .const
  00002f38    00002f38    00000040   00000040    r-- .cinit
20000000    20000000    00000046   00000000    rw-
  20000000    20000000    00000028   00000000    rw- .data
  20000028    20000028    0000001e   00000000    rw- .bss
2000fe00    2000fe00    00000200   00000000    rw-
  2000fe00    2000fe00    00000200   00000000    rw- .stack


SECTION ALLOCATION MAP

 output                                  attributes/
section   page    origin      length       input sections
--------  ----  ----------  ----------   ----------------
.intvecs   0    00000000    00000140     
                  00000000    00000140     startup_msp432p401r_ccs.obj (.intvecs:retain)

.text      0    00000140    00002cf6     
                  00000140    00000a5e     rtsv7M4_T_le_v4SPD16_eabi.lib : _printfi.c.obj (.text:__TI_printfi)
                  00000b9e    00000002                                   : div0.asm.obj (.text)
                  00000ba0    00000328     system_msp432p401r.obj (.text)
                  00000ec8    00000270     rtsv7M4_T_le_v4SPD16_eabi.lib : _printfi.c.obj (.text:_pconv_a)
                  00001138    000001ec     main.obj (.text)
                  00001324    000001d0     rtsv7M4_T_le_v4SPD16_eabi.lib : _printfi.c.obj (.text:_pconv_g)
                  000014f4    000001b6                                   : fd_add_t2.asm.obj (.text)
                  000016aa    00000002     --HOLE-- [fill = 0]
                  000016ac    0000017c     uartConfig.obj (.text)
                  00001828    0000013c     rtsv7M4_T_le_v4SPD16_eabi.lib : _printfi.c.obj (.text:_pconv_e)
                  00001964    0000013c     servo.obj (.text)
                  00001aa0    00000136     rtsv7M4_T_le_v4SPD16_eabi.lib : fd_div_t2.asm.obj (.text)
                  00001bd6    00000002     --HOLE-- [fill = 0]
                  00001bd8    00000120                                   : _printfi.c.obj (.text:fcvt)
                  00001cf8    00000110                                   : s_scalbn.c.obj (.text:scalbn)
                  00001e08    00000104     msp432p4xx_driverlib.lib : cs.o (.text:CS_getDCOFrequency)
                  00001f0c    000000fc     rtsv7M4_T_le_v4SPD16_eabi.lib : fd_mul_t2.asm.obj (.text)
                  00002008    000000cc     ADC_driver.obj (.text)
                  000020d4    000000cc     clockConfig.obj (.text)
                  000021a0    000000b1     rtsv7M4_T_le_v4SPD16_eabi.lib : _printfi.c.obj (.text:_ltostr)
                  00002251    00000003     --HOLE-- [fill = 0]
                  00002254    0000009c     msp432p4xx_driverlib.lib : cs.o (.text:CS_startHFXTWithTimeout)
                  000022f0    0000009c                              : cs.o (.text:_CSComputeCLKFrequency)
                  0000238c    0000009c     rtsv7M4_T_le_v4SPD16_eabi.lib : memcpy_t2.asm.obj (.text)
                  00002428    00000096                                   : ull_div_t2.asm.obj (.text)
                  000024be    00000086                                   : fd_cmp_t2.asm.obj (.text:__aeabi_cdcmple)
                  00002544    00000086                                   : fd_cmp_t2.asm.obj (.text:__aeabi_cdrcmple)
                  000025ca    0000007a                                   : memset_t2.asm.obj (.text)
                  00002644    00000070     msp432p4xx_driverlib.lib : cs.o (.text:_CSGetHFXTFrequency)
                  000026b4    00000070     systick_init.obj (.text)
                  00002724    0000006e     rtsv7M4_T_le_v4SPD16_eabi.lib : _printfi.c.obj (.text:_mcpy)
                  00002792    0000006e                                   : fd_tos_t2.asm.obj (.text)
                  00002800    00000068                                   : copy_decompress_lzss.c.obj (.text:decompress:lzss:__TI_decompress_lzss)
                  00002868    00000064                                   : s_frexp.c.obj (.text:frexp)
                  000028cc    00000056                                   : _printfi.c.obj (.text:_pconv_f)
                  00002922    00000054                                   : ltoa.c.obj (.text:ltoa)
                  00002976    00000052                                   : _printfi.c.obj (.text:_ecpy)
                  000029c8    00000050     msp432p4xx_driverlib.lib : sysctl.o (.text:SysCtl_getTLVInfo)
                  00002a18    0000004c                              : cs.o (.text:_CSGetDOCFrequency)
                  00002a64    0000004c     rtsv7M4_T_le_v4SPD16_eabi.lib : atoi.c.obj (.text:atoi)
                  00002ab0    00000048     msp432p4xx_driverlib.lib : cs.o (.text:_CSGetDividerValue)
                  00002af8    00000048     rtsv7M4_T_le_v4SPD16_eabi.lib : fd_toi_t2.asm.obj (.text)
                  00002b40    00000044                                   : autoinit.c.obj (.text:__TI_auto_init_nobinit_nopinit:__TI_auto_init_nobinit_nopinit)
                  00002b84    00000040                                   : sprintf.c.obj (.text:sprintf)
                  00002bc4    0000003e                                   : _printfi.c.obj (.text:_fcpy)
                  00002c02    00000002     --HOLE-- [fill = 0]
                  00002c04    00000038                                   : boot_cortex_m.c.obj (.text:_c_int00_noargs:_c_int00_noargs)
                  00002c3c    00000038                                   : fs_tod_t2.asm.obj (.text)
                  00002c74    0000002e                                   : i_tofd_t2.asm.obj (.text)
                  00002ca2    00000002     --HOLE-- [fill = 0]
                  00002ca4    00000024     msp432p4xx_driverlib.lib : cs.o (.text:CS_clearInterruptFlag)
                  00002cc8    00000020     rtsv7M4_T_le_v4SPD16_eabi.lib : u_tofd_t2.asm.obj (.text)
                  00002ce8    0000001c                                   : memccpy.c.obj (.text:memccpy)
                  00002d04    00000018     msp432p4xx_driverlib.lib : cs.o (.text:CS_getMCLK)
                  00002d1c    00000018                              : cs.o (.text:CS_getSMCLK)
                  00002d34    00000018     rtsv7M4_T_le_v4SPD16_eabi.lib : sprintf.c.obj (.text:_outs)
                  00002d4c    00000016                                   : strchr.c.obj (.text:strchr)
                  00002d62    00000002     --HOLE-- [fill = 0]
                  00002d64    00000014     msp432p4xx_driverlib.lib : cs.o (.text:CS_setExternalClockSourceFrequency)
                  00002d78    00000014     rtsv7M4_T_le_v4SPD16_eabi.lib : s_copysign.c.obj (.text:copysign)
                  00002d8c    00000014                                   : strlen.c.obj (.text:strlen)
                  00002da0    00000012                                   : copy_zero_init.c.obj (.text:decompress:ZI:__TI_zero_init_nomemset:__TI_zero_init_nomemset)
                  00002db2    00000012     startup_msp432p401r_ccs.obj (.text)
                  00002dc4    00000012     rtsv7M4_T_le_v4SPD16_eabi.lib : wcslen.c.obj (.text:wcslen)
                  00002dd6    00000002     --HOLE-- [fill = 0]
                  00002dd8    00000010     msp432p4xx_driverlib.lib : sysctl.o (.text:SysCtl_disableNMISource)
                  00002de8    00000010                              : sysctl.o (.text:SysCtl_enableNMISource)
                  00002df8    0000000e     rtsv7M4_T_le_v4SPD16_eabi.lib : copy_decompress_none.c.obj (.text:decompress:none:__TI_decompress_none)
                  00002e06    00000002     --HOLE-- [fill = 0]
                  00002e08    0000000c     msp432p4xx_driverlib.lib : sysctl.o (.text:SysCtl_getNMISourceStatus)
                  00002e14    0000000a     rtsv7M4_T_le_v4SPD16_eabi.lib : sprintf.c.obj (.text:_outc)
                  00002e1e    00000002     --HOLE-- [fill = 0]
                  00002e20    00000008                                   : errno.c.obj (.text:__aeabi_errno_addr)
                  00002e28    00000006     msp432p4xx_driverlib.lib : cs.o (.text:CS_startHFXT)
                  00002e2e    00000004     rtsv7M4_T_le_v4SPD16_eabi.lib : pre_init.c.obj (.text:_system_pre_init)
                  00002e32    00000004                                   : exit.c.obj (.text:abort:abort)

.const     0    00002e36    00000101     
                  00002e36    00000101     rtsv7M4_T_le_v4SPD16_eabi.lib : ctype.c.obj (.const:.string:_ctypes_)

.cinit     0    00002f38    00000040     
                  00002f38    00000016     (.cinit..data.load) [load image, compression = lzss]
                  00002f4e    00000002     --HOLE-- [fill = 0]
                  00002f50    0000000c     (__TI_handler_table)
                  00002f5c    00000004     --HOLE-- [fill = 0]
                  00002f60    00000008     (.cinit..bss.load) [load image, compression = zero_init]
                  00002f68    00000010     (__TI_cinit_table)

.init_array 
*          0    00000000    00000000     UNINITIALIZED

.data      0    20000000    00000028     UNINITIALIZED
                  20000000    00000018     main.obj (.data)
                  20000018    00000006     main.obj (.data:default_pattern)
                  2000001e    00000002     --HOLE--
                  20000020    00000004     rtsv7M4_T_le_v4SPD16_eabi.lib : errno.c.obj (.data)
                  20000024    00000004     system_msp432p401r.obj (.data)

.bss       0    20000028    0000001e     UNINITIALIZED
                  20000028    00000004     (.common:MCLKfreq)
                  2000002c    00000004     (.common:SMCLKfreq)
                  20000030    00000004     (.common:distance)
                  20000034    00000004     (.common:flag)
                  20000038    00000004     (.common:hfxtFreq)
                  2000003c    00000004     (.common:lfxtFreq)
                  20000040    00000004     (.common:normalized_adc)
                  20000044    00000002     (.common:raw_adc)

.stack     0    2000fe00    00000200     UNINITIALIZED
                  2000fe00    00000004     rtsv7M4_T_le_v4SPD16_eabi.lib : boot_cortex_m.c.obj (.stack)
                  2000fe04    000001fc     --HOLE--

MODULE SUMMARY

       Module                        code    ro data   rw data
       ------                        ----    -------   -------
    .\
       system_msp432p401r.obj        808     0         4      
       main.obj                      492     0         40     
       uartConfig.obj                380     0         0      
       startup_msp432p401r_ccs.obj   18      320       0      
       servo.obj                     316     0         0      
       clockConfig.obj               204     0         8      
       ADC_driver.obj                204     0         0      
       systick_init.obj              112     0         4      
    +--+-----------------------------+-------+---------+---------+
       Total:                        2534    320       56     
                                                              
    C:/ti/msp/MSP432Ware_3_50_00_02/driverlib/driverlib/MSP432P4xx/ccs/msp432p4xx_driverlib.lib
       cs.o                          942     0         8      
       sysctl.o                      124     0         0      
    +--+-----------------------------+-------+---------+---------+
       Total:                        1066    0         8      
                                                              
    C:\ti\ccsv7\tools\compiler\ti-cgt-arm_18.1.2.LTS\lib\rtsv7M4_T_le_v4SPD16_eabi.lib
       _printfi.c.obj                4863    0         0      
       fd_add_t2.asm.obj             438     0         0      
       fd_div_t2.asm.obj             310     0         0      
       s_scalbn.c.obj                272     0         0      
       fd_cmp_t2.asm.obj             268     0         0      
       ctype.c.obj                   0       257       0      
       fd_mul_t2.asm.obj             252     0         0      
       memcpy_t2.asm.obj             156     0         0      
       ull_div_t2.asm.obj            150     0         0      
       memset_t2.asm.obj             122     0         0      
       fd_tos_t2.asm.obj             110     0         0      
       copy_decompress_lzss.c.obj    104     0         0      
       s_frexp.c.obj                 100     0         0      
       sprintf.c.obj                 98      0         0      
       ltoa.c.obj                    84      0         0      
       atoi.c.obj                    76      0         0      
       fd_toi_t2.asm.obj             72      0         0      
       autoinit.c.obj                68      0         0      
       boot_cortex_m.c.obj           56      0         0      
       fs_tod_t2.asm.obj             56      0         0      
       i_tofd_t2.asm.obj             46      0         0      
       u_tofd_t2.asm.obj             32      0         0      
       memccpy.c.obj                 28      0         0      
       strchr.c.obj                  22      0         0      
       s_copysign.c.obj              20      0         0      
       strlen.c.obj                  20      0         0      
       copy_zero_init.c.obj          18      0         0      
       wcslen.c.obj                  18      0         0      
       copy_decompress_none.c.obj    14      0         0      
       errno.c.obj                   8       0         4      
       exit.c.obj                    4       0         0      
       pre_init.c.obj                4       0         0      
       div0.asm.obj                  2       0         0      
    +--+-----------------------------+-------+---------+---------+
       Total:                        7891    257       4      
                                                              
       Stack:                        0       0         512    
       Linker Generated:             0       58        0      
    +--+-----------------------------+-------+---------+---------+
       Grand Total:                  11491   635       580    


LINKER GENERATED COPY TABLES

__TI_cinit_table @ 00002f68 records: 2, size/record: 8, table size: 16
	.data: load addr=00002f38, load size=00000016 bytes, run addr=20000000, run size=00000028 bytes, compression=lzss
	.bss: load addr=00002f60, load size=00000008 bytes, run addr=20000028, run size=0000001e bytes, compression=zero_init


LINKER GENERATED HANDLER TABLE

__TI_handler_table @ 00002f50 records: 3, size/record: 4, table size: 12
	index: 0, handler: __TI_decompress_lzss
	index: 1, handler: __TI_decompress_none
	index: 2, handler: __TI_zero_init


GLOBAL SYMBOLS: SORTED ALPHABETICALLY BY Name 

address   name                              
-------   ----                              
00002073  ADC14_IRQHandler                  
20000004  ADC_Ready                         
00002009  ADC_init                          
00002065  ADC_read                          
00002e33  C$$EXIT                           
00002ca5  CS_clearInterruptFlag             
00001e09  CS_getDCOFrequency                
00002d05  CS_getMCLK                        
00002d1d  CS_getSMCLK                       
00002d65  CS_setExternalClockSourceFrequency
00002e29  CS_startHFXT                      
00002255  CS_startHFXTWithTimeout           
00001731  EUSCIA0_IRQHandler                
00001715  EUSCIA0_Interrupt_Enable          
20000000  IR_Flag                           
20000028  MCLKfreq                          
00001725  Master_Interrupt_Enable           
000019c7  PWM_Duty                          
00001985  PWM_Init                          
2000002c  SMCLKfreq                         
00002dd9  SysCtl_disableNMISource           
00002de9  SysCtl_enableNMISource            
00002e09  SysCtl_getNMISourceStatus         
000029c9  SysCtl_getTLVInfo                 
00002701  SysTickISR                        
000026b5  SysTick_Init                      
000026d1  SysTick_Load                      
000026ed  SysTick_Start                     
20000024  SystemCoreClock                   
00000ba1  SystemCoreClockUpdate             
00000e15  SystemInit                        
000016ad  UART0_init                        
0000177f  UART_Send                         
0000179b  UART_Send_String                  
4000480c  WDTCTL_SYM                        
20010000  __STACK_END                       
00000200  __STACK_SIZE                      
00002f68  __TI_CINIT_Base                   
00002f78  __TI_CINIT_Limit                  
00002f50  __TI_Handler_Table_Base           
00002f5c  __TI_Handler_Table_Limit          
00002b41  __TI_auto_init_nobinit_nopinit    
00002801  __TI_decompress_lzss              
00002df9  __TI_decompress_none              
ffffffff  __TI_pprof_out_hndl               
00000141  __TI_printfi                      
ffffffff  __TI_prof_data_size               
ffffffff  __TI_prof_data_start              
00000000  __TI_static_base__                
00002da1  __TI_zero_init_nomemset           
000024bf  __aeabi_cdcmpeq                   
000024bf  __aeabi_cdcmple                   
00002545  __aeabi_cdrcmple                  
00002793  __aeabi_d2f                       
00002af9  __aeabi_d2iz                      
000014ff  __aeabi_dadd                      
00001aa1  __aeabi_ddiv                      
00001f0d  __aeabi_dmul                      
000014f5  __aeabi_dsub                      
00002e21  __aeabi_errno_addr                
00002c3d  __aeabi_f2d                       
00002c75  __aeabi_i2d                       
00000b9f  __aeabi_idiv0                     
00000b9f  __aeabi_ldiv0                     
000025cb  __aeabi_memclr                    
000025cb  __aeabi_memclr4                   
000025cb  __aeabi_memclr8                   
0000238d  __aeabi_memcpy                    
0000238d  __aeabi_memcpy4                   
0000238d  __aeabi_memcpy8                   
000025cd  __aeabi_memset                    
000025cd  __aeabi_memset4                   
000025cd  __aeabi_memset8                   
00002cc9  __aeabi_ui2d                      
00002429  __aeabi_uldivmod                  
ffffffff  __binit__                         
ffffffff  __c_args__                        
UNDEFED   __mpu_init                        
2000fe00  __stack                           
00002c05  _c_int00_noargs                   
00002e36  _ctypes_                          
UNDEFED   _system_post_cinit                
00002e2f  _system_pre_init                  
00002e33  abort                             
00002a65  atoi                              
ffffffff  binit                             
0000211b  clockInit48MHzXTL                 
000020e1  clockStartUp                      
00002d79  copysign                          
00002d79  copysignl                         
20000018  default_pattern                   
20000030  distance                          
20000014  duty_cycle                        
20000020  errno                             
20000034  flag                              
00002869  frexp                             
00002869  frexpl                            
000020d5  getMCLKfreq                       
000020db  getSMCLKfreq                      
20000010  index                             
00000000  interruptVectors                  
00001cf9  ldexp                             
00001cf9  ldexpl                            
00002923  ltoa                              
00001139  main                              
00002ce9  memccpy                           
0000238d  memcpy                            
000025d3  memset                            
20000040  normalized_adc                    
20000016  period                            
20000044  raw_adc                           
00001cf9  scalbn                            
00001cf9  scalbnl                           
000019e7  servo_move                        
00001a2b  servo_pattern                     
00001965  servo_setup                       
2000000c  servo_triggered                   
00002b85  sprintf                           
00002d4d  strchr                            
00002d8d  strlen                            
20000008  tick_count                        
00002dc5  wcslen                            


GLOBAL SYMBOLS: SORTED BY Symbol Address 

address   name                              
-------   ----                              
00000000  __TI_static_base__                
00000000  interruptVectors                  
00000141  __TI_printfi                      
00000200  __STACK_SIZE                      
00000b9f  __aeabi_idiv0                     
00000b9f  __aeabi_ldiv0                     
00000ba1  SystemCoreClockUpdate             
00000e15  SystemInit                        
00001139  main                              
000014f5  __aeabi_dsub                      
000014ff  __aeabi_dadd                      
000016ad  UART0_init                        
00001715  EUSCIA0_Interrupt_Enable          
00001725  Master_Interrupt_Enable           
00001731  EUSCIA0_IRQHandler                
0000177f  UART_Send                         
0000179b  UART_Send_String                  
00001965  servo_setup                       
00001985  PWM_Init                          
000019c7  PWM_Duty                          
000019e7  servo_move                        
00001a2b  servo_pattern                     
00001aa1  __aeabi_ddiv                      
00001cf9  ldexp                             
00001cf9  ldexpl                            
00001cf9  scalbn                            
00001cf9  scalbnl                           
00001e09  CS_getDCOFrequency                
00001f0d  __aeabi_dmul                      
00002009  ADC_init                          
00002065  ADC_read                          
00002073  ADC14_IRQHandler                  
000020d5  getMCLKfreq                       
000020db  getSMCLKfreq                      
000020e1  clockStartUp                      
0000211b  clockInit48MHzXTL                 
00002255  CS_startHFXTWithTimeout           
0000238d  __aeabi_memcpy                    
0000238d  __aeabi_memcpy4                   
0000238d  __aeabi_memcpy8                   
0000238d  memcpy                            
00002429  __aeabi_uldivmod                  
000024bf  __aeabi_cdcmpeq                   
000024bf  __aeabi_cdcmple                   
00002545  __aeabi_cdrcmple                  
000025cb  __aeabi_memclr                    
000025cb  __aeabi_memclr4                   
000025cb  __aeabi_memclr8                   
000025cd  __aeabi_memset                    
000025cd  __aeabi_memset4                   
000025cd  __aeabi_memset8                   
000025d3  memset                            
000026b5  SysTick_Init                      
000026d1  SysTick_Load                      
000026ed  SysTick_Start                     
00002701  SysTickISR                        
00002793  __aeabi_d2f                       
00002801  __TI_decompress_lzss              
00002869  frexp                             
00002869  frexpl                            
00002923  ltoa                              
000029c9  SysCtl_getTLVInfo                 
00002a65  atoi                              
00002af9  __aeabi_d2iz                      
00002b41  __TI_auto_init_nobinit_nopinit    
00002b85  sprintf                           
00002c05  _c_int00_noargs                   
00002c3d  __aeabi_f2d                       
00002c75  __aeabi_i2d                       
00002ca5  CS_clearInterruptFlag             
00002cc9  __aeabi_ui2d                      
00002ce9  memccpy                           
00002d05  CS_getMCLK                        
00002d1d  CS_getSMCLK                       
00002d4d  strchr                            
00002d65  CS_setExternalClockSourceFrequency
00002d79  copysign                          
00002d79  copysignl                         
00002d8d  strlen                            
00002da1  __TI_zero_init_nomemset           
00002dc5  wcslen                            
00002dd9  SysCtl_disableNMISource           
00002de9  SysCtl_enableNMISource            
00002df9  __TI_decompress_none              
00002e09  SysCtl_getNMISourceStatus         
00002e21  __aeabi_errno_addr                
00002e29  CS_startHFXT                      
00002e2f  _system_pre_init                  
00002e33  C$$EXIT                           
00002e33  abort                             
00002e36  _ctypes_                          
00002f50  __TI_Handler_Table_Base           
00002f5c  __TI_Handler_Table_Limit          
00002f68  __TI_CINIT_Base                   
00002f78  __TI_CINIT_Limit                  
20000000  IR_Flag                           
20000004  ADC_Ready                         
20000008  tick_count                        
2000000c  servo_triggered                   
20000010  index                             
20000014  duty_cycle                        
20000016  period                            
20000018  default_pattern                   
20000020  errno                             
20000024  SystemCoreClock                   
20000028  MCLKfreq                          
2000002c  SMCLKfreq                         
20000030  distance                          
20000034  flag                              
20000040  normalized_adc                    
20000044  raw_adc                           
2000fe00  __stack                           
20010000  __STACK_END                       
4000480c  WDTCTL_SYM                        
ffffffff  __TI_pprof_out_hndl               
ffffffff  __TI_prof_data_size               
ffffffff  __TI_prof_data_start              
ffffffff  __binit__                         
ffffffff  __c_args__                        
ffffffff  binit                             
UNDEFED   __mpu_init                        
UNDEFED   _system_post_cinit                

[122 symbols]
