******************************************************************************
                  TI ARM Linker PC v18.1.2                     
******************************************************************************
>> Linked Sun Jul  1 10:11:31 2018

OUTPUT FILE NAME:   <EGR424_Project2_IR.out>
ENTRY POINT SYMBOL: "_c_int00_noargs"  address: 00002c11


MEMORY CONFIGURATION

         name            origin    length      used     unused   attr    fill
----------------------  --------  ---------  --------  --------  ----  --------
  MAIN                  00000000   00040000  00002f83  0003d07d  R  X
  INFO                  00200000   00004000  00000000  00004000  R  X
  SRAM_CODE             01000000   00010000  00000000  00010000  RW X
  SRAM_DATA             20000000   00010000  00000246  0000fdba  RW  


SEGMENT ALLOCATION MAP

run origin  load origin   length   init length attrs members
----------  ----------- ---------- ----------- ----- -------
00000000    00000000    00002f88   00002f88    r-x
  00000000    00000000    00000140   00000140    r-- .intvecs
  00000140    00000140    00002d02   00002d02    r-x .text
  00002e42    00002e42    00000101   00000101    r-- .const
  00002f48    00002f48    00000040   00000040    r-- .cinit
20000000    20000000    00000046   00000000    rw-
  20000000    20000000    00000028   00000000    rw- .data
  20000028    20000028    0000001e   00000000    rw- .bss
2000fe00    2000fe00    00000200   00000000    rw-
  2000fe00    2000fe00    00000200   00000000    rw- .stack


SECTION ALLOCATION MAP

 output                                  attributes/
section   page    origin      length       input sections
--------  ----  ----------  ----------   ----------------
.intvecs   0    00000000    00000140     
                  00000000    00000140     startup_msp432p401r_ccs.obj (.intvecs:retain)

.text      0    00000140    00002d02     
                  00000140    00000a5e     rtsv7M4_T_le_v4SPD16_eabi.lib : _printfi.c.obj (.text:__TI_printfi)
                  00000b9e    00000002                                   : div0.asm.obj (.text)
                  00000ba0    00000328     system_msp432p401r.obj (.text)
                  00000ec8    00000270     rtsv7M4_T_le_v4SPD16_eabi.lib : _printfi.c.obj (.text:_pconv_a)
                  00001138    000001f8     main.obj (.text)
                  00001330    000001d0     rtsv7M4_T_le_v4SPD16_eabi.lib : _printfi.c.obj (.text:_pconv_g)
                  00001500    000001b6                                   : fd_add_t2.asm.obj (.text)
                  000016b6    00000002     --HOLE-- [fill = 0]
                  000016b8    0000017c     uartConfig.obj (.text)
                  00001834    0000013c     rtsv7M4_T_le_v4SPD16_eabi.lib : _printfi.c.obj (.text:_pconv_e)
                  00001970    0000013c     servo.obj (.text)
                  00001aac    00000136     rtsv7M4_T_le_v4SPD16_eabi.lib : fd_div_t2.asm.obj (.text)
                  00001be2    00000002     --HOLE-- [fill = 0]
                  00001be4    00000120                                   : _printfi.c.obj (.text:fcvt)
                  00001d04    00000110                                   : s_scalbn.c.obj (.text:scalbn)
                  00001e14    00000104     msp432p4xx_driverlib.lib : cs.o (.text:CS_getDCOFrequency)
                  00001f18    000000fc     rtsv7M4_T_le_v4SPD16_eabi.lib : fd_mul_t2.asm.obj (.text)
                  00002014    000000cc     ADC_driver.obj (.text)
                  000020e0    000000cc     clockConfig.obj (.text)
                  000021ac    000000b1     rtsv7M4_T_le_v4SPD16_eabi.lib : _printfi.c.obj (.text:_ltostr)
                  0000225d    00000003     --HOLE-- [fill = 0]
                  00002260    0000009c     msp432p4xx_driverlib.lib : cs.o (.text:CS_startHFXTWithTimeout)
                  000022fc    0000009c                              : cs.o (.text:_CSComputeCLKFrequency)
                  00002398    0000009c     rtsv7M4_T_le_v4SPD16_eabi.lib : memcpy_t2.asm.obj (.text)
                  00002434    00000096                                   : ull_div_t2.asm.obj (.text)
                  000024ca    00000086                                   : fd_cmp_t2.asm.obj (.text:__aeabi_cdcmple)
                  00002550    00000086                                   : fd_cmp_t2.asm.obj (.text:__aeabi_cdrcmple)
                  000025d6    0000007a                                   : memset_t2.asm.obj (.text)
                  00002650    00000070     msp432p4xx_driverlib.lib : cs.o (.text:_CSGetHFXTFrequency)
                  000026c0    00000070     systick_init.obj (.text)
                  00002730    0000006e     rtsv7M4_T_le_v4SPD16_eabi.lib : _printfi.c.obj (.text:_mcpy)
                  0000279e    0000006e                                   : fd_tos_t2.asm.obj (.text)
                  0000280c    00000068                                   : copy_decompress_lzss.c.obj (.text:decompress:lzss:__TI_decompress_lzss)
                  00002874    00000064                                   : s_frexp.c.obj (.text:frexp)
                  000028d8    00000056                                   : _printfi.c.obj (.text:_pconv_f)
                  0000292e    00000054                                   : ltoa.c.obj (.text:ltoa)
                  00002982    00000052                                   : _printfi.c.obj (.text:_ecpy)
                  000029d4    00000050     msp432p4xx_driverlib.lib : sysctl.o (.text:SysCtl_getTLVInfo)
                  00002a24    0000004c                              : cs.o (.text:_CSGetDOCFrequency)
                  00002a70    0000004c     rtsv7M4_T_le_v4SPD16_eabi.lib : atoi.c.obj (.text:atoi)
                  00002abc    00000048     msp432p4xx_driverlib.lib : cs.o (.text:_CSGetDividerValue)
                  00002b04    00000048     rtsv7M4_T_le_v4SPD16_eabi.lib : fd_toi_t2.asm.obj (.text)
                  00002b4c    00000044                                   : autoinit.c.obj (.text:__TI_auto_init_nobinit_nopinit:__TI_auto_init_nobinit_nopinit)
                  00002b90    00000040                                   : sprintf.c.obj (.text:sprintf)
                  00002bd0    0000003e                                   : _printfi.c.obj (.text:_fcpy)
                  00002c0e    00000002     --HOLE-- [fill = 0]
                  00002c10    00000038                                   : boot_cortex_m.c.obj (.text:_c_int00_noargs:_c_int00_noargs)
                  00002c48    00000038                                   : fs_tod_t2.asm.obj (.text)
                  00002c80    0000002e                                   : i_tofd_t2.asm.obj (.text)
                  00002cae    00000002     --HOLE-- [fill = 0]
                  00002cb0    00000024     msp432p4xx_driverlib.lib : cs.o (.text:CS_clearInterruptFlag)
                  00002cd4    00000020     rtsv7M4_T_le_v4SPD16_eabi.lib : u_tofd_t2.asm.obj (.text)
                  00002cf4    0000001c                                   : memccpy.c.obj (.text:memccpy)
                  00002d10    00000018     msp432p4xx_driverlib.lib : cs.o (.text:CS_getMCLK)
                  00002d28    00000018                              : cs.o (.text:CS_getSMCLK)
                  00002d40    00000018     rtsv7M4_T_le_v4SPD16_eabi.lib : sprintf.c.obj (.text:_outs)
                  00002d58    00000016                                   : strchr.c.obj (.text:strchr)
                  00002d6e    00000002     --HOLE-- [fill = 0]
                  00002d70    00000014     msp432p4xx_driverlib.lib : cs.o (.text:CS_setExternalClockSourceFrequency)
                  00002d84    00000014     rtsv7M4_T_le_v4SPD16_eabi.lib : s_copysign.c.obj (.text:copysign)
                  00002d98    00000014                                   : strlen.c.obj (.text:strlen)
                  00002dac    00000012                                   : copy_zero_init.c.obj (.text:decompress:ZI:__TI_zero_init_nomemset:__TI_zero_init_nomemset)
                  00002dbe    00000012     startup_msp432p401r_ccs.obj (.text)
                  00002dd0    00000012     rtsv7M4_T_le_v4SPD16_eabi.lib : wcslen.c.obj (.text:wcslen)
                  00002de2    00000002     --HOLE-- [fill = 0]
                  00002de4    00000010     msp432p4xx_driverlib.lib : sysctl.o (.text:SysCtl_disableNMISource)
                  00002df4    00000010                              : sysctl.o (.text:SysCtl_enableNMISource)
                  00002e04    0000000e     rtsv7M4_T_le_v4SPD16_eabi.lib : copy_decompress_none.c.obj (.text:decompress:none:__TI_decompress_none)
                  00002e12    00000002     --HOLE-- [fill = 0]
                  00002e14    0000000c     msp432p4xx_driverlib.lib : sysctl.o (.text:SysCtl_getNMISourceStatus)
                  00002e20    0000000a     rtsv7M4_T_le_v4SPD16_eabi.lib : sprintf.c.obj (.text:_outc)
                  00002e2a    00000002     --HOLE-- [fill = 0]
                  00002e2c    00000008                                   : errno.c.obj (.text:__aeabi_errno_addr)
                  00002e34    00000006     msp432p4xx_driverlib.lib : cs.o (.text:CS_startHFXT)
                  00002e3a    00000004     rtsv7M4_T_le_v4SPD16_eabi.lib : pre_init.c.obj (.text:_system_pre_init)
                  00002e3e    00000004                                   : exit.c.obj (.text:abort:abort)

.const     0    00002e42    00000101     
                  00002e42    00000101     rtsv7M4_T_le_v4SPD16_eabi.lib : ctype.c.obj (.const:.string:_ctypes_)

.cinit     0    00002f48    00000040     
                  00002f48    00000016     (.cinit..data.load) [load image, compression = lzss]
                  00002f5e    00000002     --HOLE-- [fill = 0]
                  00002f60    0000000c     (__TI_handler_table)
                  00002f6c    00000004     --HOLE-- [fill = 0]
                  00002f70    00000008     (.cinit..bss.load) [load image, compression = zero_init]
                  00002f78    00000010     (__TI_cinit_table)

.init_array 
*          0    00000000    00000000     UNINITIALIZED

.data      0    20000000    00000028     UNINITIALIZED
                  20000000    00000018     main.obj (.data)
                  20000018    00000006     main.obj (.data:default_pattern)
                  2000001e    00000002     --HOLE--
                  20000020    00000004     rtsv7M4_T_le_v4SPD16_eabi.lib : errno.c.obj (.data)
                  20000024    00000004     system_msp432p401r.obj (.data)

.bss       0    20000028    0000001e     UNINITIALIZED
                  20000028    00000004     (.common:MCLKfreq)
                  2000002c    00000004     (.common:SMCLKfreq)
                  20000030    00000004     (.common:distance)
                  20000034    00000004     (.common:flag)
                  20000038    00000004     (.common:hfxtFreq)
                  2000003c    00000004     (.common:lfxtFreq)
                  20000040    00000004     (.common:normalized_adc)
                  20000044    00000002     (.common:raw_adc)

.stack     0    2000fe00    00000200     UNINITIALIZED
                  2000fe00    00000004     rtsv7M4_T_le_v4SPD16_eabi.lib : boot_cortex_m.c.obj (.stack)
                  2000fe04    000001fc     --HOLE--

MODULE SUMMARY

       Module                        code    ro data   rw data
       ------                        ----    -------   -------
    .\
       system_msp432p401r.obj        808     0         4      
       main.obj                      504     0         40     
       uartConfig.obj                380     0         0      
       startup_msp432p401r_ccs.obj   18      320       0      
       servo.obj                     316     0         0      
       clockConfig.obj               204     0         8      
       ADC_driver.obj                204     0         0      
       systick_init.obj              112     0         4      
    +--+-----------------------------+-------+---------+---------+
       Total:                        2546    320       56     
                                                              
    C:/ti/msp/MSP432Ware_3_50_00_02/driverlib/driverlib/MSP432P4xx/ccs/msp432p4xx_driverlib.lib
       cs.o                          942     0         8      
       sysctl.o                      124     0         0      
    +--+-----------------------------+-------+---------+---------+
       Total:                        1066    0         8      
                                                              
    C:\ti\ccsv7\tools\compiler\ti-cgt-arm_18.1.2.LTS\lib\rtsv7M4_T_le_v4SPD16_eabi.lib
       _printfi.c.obj                4863    0         0      
       fd_add_t2.asm.obj             438     0         0      
       fd_div_t2.asm.obj             310     0         0      
       s_scalbn.c.obj                272     0         0      
       fd_cmp_t2.asm.obj             268     0         0      
       ctype.c.obj                   0       257       0      
       fd_mul_t2.asm.obj             252     0         0      
       memcpy_t2.asm.obj             156     0         0      
       ull_div_t2.asm.obj            150     0         0      
       memset_t2.asm.obj             122     0         0      
       fd_tos_t2.asm.obj             110     0         0      
       copy_decompress_lzss.c.obj    104     0         0      
       s_frexp.c.obj                 100     0         0      
       sprintf.c.obj                 98      0         0      
       ltoa.c.obj                    84      0         0      
       atoi.c.obj                    76      0         0      
       fd_toi_t2.asm.obj             72      0         0      
       autoinit.c.obj                68      0         0      
       boot_cortex_m.c.obj           56      0         0      
       fs_tod_t2.asm.obj             56      0         0      
       i_tofd_t2.asm.obj             46      0         0      
       u_tofd_t2.asm.obj             32      0         0      
       memccpy.c.obj                 28      0         0      
       strchr.c.obj                  22      0         0      
       s_copysign.c.obj              20      0         0      
       strlen.c.obj                  20      0         0      
       copy_zero_init.c.obj          18      0         0      
       wcslen.c.obj                  18      0         0      
       copy_decompress_none.c.obj    14      0         0      
       errno.c.obj                   8       0         4      
       exit.c.obj                    4       0         0      
       pre_init.c.obj                4       0         0      
       div0.asm.obj                  2       0         0      
    +--+-----------------------------+-------+---------+---------+
       Total:                        7891    257       4      
                                                              
       Stack:                        0       0         512    
       Linker Generated:             0       58        0      
    +--+-----------------------------+-------+---------+---------+
       Grand Total:                  11503   635       580    


LINKER GENERATED COPY TABLES

__TI_cinit_table @ 00002f78 records: 2, size/record: 8, table size: 16
	.data: load addr=00002f48, load size=00000016 bytes, run addr=20000000, run size=00000028 bytes, compression=lzss
	.bss: load addr=00002f70, load size=00000008 bytes, run addr=20000028, run size=0000001e bytes, compression=zero_init


LINKER GENERATED HANDLER TABLE

__TI_handler_table @ 00002f60 records: 3, size/record: 4, table size: 12
	index: 0, handler: __TI_decompress_lzss
	index: 1, handler: __TI_decompress_none
	index: 2, handler: __TI_zero_init


GLOBAL SYMBOLS: SORTED ALPHABETICALLY BY Name 

address   name                              
-------   ----                              
0000207f  ADC14_IRQHandler                  
20000004  ADC_Ready                         
00002015  ADC_init                          
00002071  ADC_read                          
00002e3f  C$$EXIT                           
00002cb1  CS_clearInterruptFlag             
00001e15  CS_getDCOFrequency                
00002d11  CS_getMCLK                        
00002d29  CS_getSMCLK                       
00002d71  CS_setExternalClockSourceFrequency
00002e35  CS_startHFXT                      
00002261  CS_startHFXTWithTimeout           
0000173d  EUSCIA0_IRQHandler                
00001721  EUSCIA0_Interrupt_Enable          
20000000  IR_Flag                           
20000028  MCLKfreq                          
00001731  Master_Interrupt_Enable           
000019d3  PWM_Duty                          
00001991  PWM_Init                          
2000002c  SMCLKfreq                         
00002de5  SysCtl_disableNMISource           
00002df5  SysCtl_enableNMISource            
00002e15  SysCtl_getNMISourceStatus         
000029d5  SysCtl_getTLVInfo                 
0000270d  SysTickISR                        
000026c1  SysTick_Init                      
000026dd  SysTick_Load                      
000026f9  SysTick_Start                     
20000024  SystemCoreClock                   
00000ba1  SystemCoreClockUpdate             
00000e15  SystemInit                        
000016b9  UART0_init                        
0000178b  UART_Send                         
000017a7  UART_Send_String                  
4000480c  WDTCTL_SYM                        
20010000  __STACK_END                       
00000200  __STACK_SIZE                      
00002f78  __TI_CINIT_Base                   
00002f88  __TI_CINIT_Limit                  
00002f60  __TI_Handler_Table_Base           
00002f6c  __TI_Handler_Table_Limit          
00002b4d  __TI_auto_init_nobinit_nopinit    
0000280d  __TI_decompress_lzss              
00002e05  __TI_decompress_none              
ffffffff  __TI_pprof_out_hndl               
00000141  __TI_printfi                      
ffffffff  __TI_prof_data_size               
ffffffff  __TI_prof_data_start              
00000000  __TI_static_base__                
00002dad  __TI_zero_init_nomemset           
000024cb  __aeabi_cdcmpeq                   
000024cb  __aeabi_cdcmple                   
00002551  __aeabi_cdrcmple                  
0000279f  __aeabi_d2f                       
00002b05  __aeabi_d2iz                      
0000150b  __aeabi_dadd                      
00001aad  __aeabi_ddiv                      
00001f19  __aeabi_dmul                      
00001501  __aeabi_dsub                      
00002e2d  __aeabi_errno_addr                
00002c49  __aeabi_f2d                       
00002c81  __aeabi_i2d                       
00000b9f  __aeabi_idiv0                     
00000b9f  __aeabi_ldiv0                     
000025d7  __aeabi_memclr                    
000025d7  __aeabi_memclr4                   
000025d7  __aeabi_memclr8                   
00002399  __aeabi_memcpy                    
00002399  __aeabi_memcpy4                   
00002399  __aeabi_memcpy8                   
000025d9  __aeabi_memset                    
000025d9  __aeabi_memset4                   
000025d9  __aeabi_memset8                   
00002cd5  __aeabi_ui2d                      
00002435  __aeabi_uldivmod                  
ffffffff  __binit__                         
ffffffff  __c_args__                        
UNDEFED   __mpu_init                        
2000fe00  __stack                           
00002c11  _c_int00_noargs                   
00002e42  _ctypes_                          
UNDEFED   _system_post_cinit                
00002e3b  _system_pre_init                  
00002e3f  abort                             
00002a71  atoi                              
ffffffff  binit                             
00002127  clockInit48MHzXTL                 
000020ed  clockStartUp                      
00002d85  copysign                          
00002d85  copysignl                         
20000018  default_pattern                   
20000030  distance                          
20000014  duty_cycle                        
20000020  errno                             
20000034  flag                              
00002875  frexp                             
00002875  frexpl                            
000020e1  getMCLKfreq                       
000020e7  getSMCLKfreq                      
20000010  index                             
00000000  interruptVectors                  
00001d05  ldexp                             
00001d05  ldexpl                            
0000292f  ltoa                              
00001139  main                              
00002cf5  memccpy                           
00002399  memcpy                            
000025df  memset                            
20000040  normalized_adc                    
20000016  period                            
20000044  raw_adc                           
00001d05  scalbn                            
00001d05  scalbnl                           
000019f3  servo_move                        
00001a37  servo_pattern                     
00001971  servo_setup                       
2000000c  servo_triggered                   
00002b91  sprintf                           
00002d59  strchr                            
00002d99  strlen                            
20000008  tick_count                        
00002dd1  wcslen                            


GLOBAL SYMBOLS: SORTED BY Symbol Address 

address   name                              
-------   ----                              
00000000  __TI_static_base__                
00000000  interruptVectors                  
00000141  __TI_printfi                      
00000200  __STACK_SIZE                      
00000b9f  __aeabi_idiv0                     
00000b9f  __aeabi_ldiv0                     
00000ba1  SystemCoreClockUpdate             
00000e15  SystemInit                        
00001139  main                              
00001501  __aeabi_dsub                      
0000150b  __aeabi_dadd                      
000016b9  UART0_init                        
00001721  EUSCIA0_Interrupt_Enable          
00001731  Master_Interrupt_Enable           
0000173d  EUSCIA0_IRQHandler                
0000178b  UART_Send                         
000017a7  UART_Send_String                  
00001971  servo_setup                       
00001991  PWM_Init                          
000019d3  PWM_Duty                          
000019f3  servo_move                        
00001a37  servo_pattern                     
00001aad  __aeabi_ddiv                      
00001d05  ldexp                             
00001d05  ldexpl                            
00001d05  scalbn                            
00001d05  scalbnl                           
00001e15  CS_getDCOFrequency                
00001f19  __aeabi_dmul                      
00002015  ADC_init                          
00002071  ADC_read                          
0000207f  ADC14_IRQHandler                  
000020e1  getMCLKfreq                       
000020e7  getSMCLKfreq                      
000020ed  clockStartUp                      
00002127  clockInit48MHzXTL                 
00002261  CS_startHFXTWithTimeout           
00002399  __aeabi_memcpy                    
00002399  __aeabi_memcpy4                   
00002399  __aeabi_memcpy8                   
00002399  memcpy                            
00002435  __aeabi_uldivmod                  
000024cb  __aeabi_cdcmpeq                   
000024cb  __aeabi_cdcmple                   
00002551  __aeabi_cdrcmple                  
000025d7  __aeabi_memclr                    
000025d7  __aeabi_memclr4                   
000025d7  __aeabi_memclr8                   
000025d9  __aeabi_memset                    
000025d9  __aeabi_memset4                   
000025d9  __aeabi_memset8                   
000025df  memset                            
000026c1  SysTick_Init                      
000026dd  SysTick_Load                      
000026f9  SysTick_Start                     
0000270d  SysTickISR                        
0000279f  __aeabi_d2f                       
0000280d  __TI_decompress_lzss              
00002875  frexp                             
00002875  frexpl                            
0000292f  ltoa                              
000029d5  SysCtl_getTLVInfo                 
00002a71  atoi                              
00002b05  __aeabi_d2iz                      
00002b4d  __TI_auto_init_nobinit_nopinit    
00002b91  sprintf                           
00002c11  _c_int00_noargs                   
00002c49  __aeabi_f2d                       
00002c81  __aeabi_i2d                       
00002cb1  CS_clearInterruptFlag             
00002cd5  __aeabi_ui2d                      
00002cf5  memccpy                           
00002d11  CS_getMCLK                        
00002d29  CS_getSMCLK                       
00002d59  strchr                            
00002d71  CS_setExternalClockSourceFrequency
00002d85  copysign                          
00002d85  copysignl                         
00002d99  strlen                            
00002dad  __TI_zero_init_nomemset           
00002dd1  wcslen                            
00002de5  SysCtl_disableNMISource           
00002df5  SysCtl_enableNMISource            
00002e05  __TI_decompress_none              
00002e15  SysCtl_getNMISourceStatus         
00002e2d  __aeabi_errno_addr                
00002e35  CS_startHFXT                      
00002e3b  _system_pre_init                  
00002e3f  C$$EXIT                           
00002e3f  abort                             
00002e42  _ctypes_                          
00002f60  __TI_Handler_Table_Base           
00002f6c  __TI_Handler_Table_Limit          
00002f78  __TI_CINIT_Base                   
00002f88  __TI_CINIT_Limit                  
20000000  IR_Flag                           
20000004  ADC_Ready                         
20000008  tick_count                        
2000000c  servo_triggered                   
20000010  index                             
20000014  duty_cycle                        
20000016  period                            
20000018  default_pattern                   
20000020  errno                             
20000024  SystemCoreClock                   
20000028  MCLKfreq                          
2000002c  SMCLKfreq                         
20000030  distance                          
20000034  flag                              
20000040  normalized_adc                    
20000044  raw_adc                           
2000fe00  __stack                           
20010000  __STACK_END                       
4000480c  WDTCTL_SYM                        
ffffffff  __TI_pprof_out_hndl               
ffffffff  __TI_prof_data_size               
ffffffff  __TI_prof_data_start              
ffffffff  __binit__                         
ffffffff  __c_args__                        
ffffffff  binit                             
UNDEFED   __mpu_init                        
UNDEFED   _system_post_cinit                

[122 symbols]
