******************************************************************************
                  TI ARM Linker PC v18.1.2                     
******************************************************************************
>> Linked Thu Jun 21 19:13:40 2018

OUTPUT FILE NAME:   <EGR424_Project2_IR.out>
ENTRY POINT SYMBOL: "_c_int00_noargs"  address: 00000edd


MEMORY CONFIGURATION

         name            origin    length      used     unused   attr    fill
----------------------  --------  ---------  --------  --------  ----  --------
  MAIN                  00000000   00040000  0000103a  0003efc6  R  X
  INFO                  00200000   00004000  00000000  00004000  R  X
  SRAM_CODE             01000000   00010000  00000000  00010000  RW X
  SRAM_DATA             20000000   00010000  00000226  0000fdda  RW  


SEGMENT ALLOCATION MAP

run origin  load origin   length   init length attrs members
----------  ----------- ---------- ----------- ----- -------
00000000    00000000    00001040   00001040    r-x
  00000000    00000000    00000140   00000140    r-- .intvecs
  00000140    00000140    00000eca   00000eca    r-x .text
  00001010    00001010    00000030   00000030    r-- .cinit
20000000    20000000    00000028   00000000    rw-
  20000000    20000000    00000022   00000000    rw- .bss
  20000024    20000024    00000004   00000000    rw- .data
2000fe00    2000fe00    00000200   00000000    rw-
  2000fe00    2000fe00    00000200   00000000    rw- .stack


SECTION ALLOCATION MAP

 output                                  attributes/
section   page    origin      length       input sections
--------  ----  ----------  ----------   ----------------
.intvecs   0    00000000    00000140     
                  00000000    00000140     startup_msp432p401r_ccs.obj (.intvecs:retain)

.text      0    00000140    00000eca     
                  00000140    00000328     system_msp432p401r.obj (.text)
                  00000468    00000136     rtsv7M4_T_le_v4SPD16_eabi.lib : fd_div_t2.asm.obj (.text)
                  0000059e    00000002     --HOLE-- [fill = 0]
                  000005a0    00000104     msp432p4xx_driverlib.lib : cs.o (.text:CS_getDCOFrequency)
                  000006a4    000000fc     rtsv7M4_T_le_v4SPD16_eabi.lib : fd_mul_t2.asm.obj (.text)
                  000007a0    000000e8     ADC_driver.obj (.text)
                  00000888    000000d8     main.obj (.text)
                  00000960    000000cc     clockConfig.obj (.text)
                  00000a2c    0000009c     msp432p4xx_driverlib.lib : cs.o (.text:CS_startHFXTWithTimeout)
                  00000ac8    0000009c                              : cs.o (.text:_CSComputeCLKFrequency)
                  00000b64    0000009c     rtsv7M4_T_le_v4SPD16_eabi.lib : memcpy_t2.asm.obj (.text)
                  00000c00    00000070     msp432p4xx_driverlib.lib : cs.o (.text:_CSGetHFXTFrequency)
                  00000c70    0000006e     rtsv7M4_T_le_v4SPD16_eabi.lib : fd_tos_t2.asm.obj (.text)
                  00000cde    00000002     --HOLE-- [fill = 0]
                  00000ce0    0000006c     systick_init.obj (.text)
                  00000d4c    00000068     rtsv7M4_T_le_v4SPD16_eabi.lib : copy_decompress_lzss.c.obj (.text:decompress:lzss:__TI_decompress_lzss)
                  00000db4    00000050     msp432p4xx_driverlib.lib : sysctl.o (.text:SysCtl_getTLVInfo)
                  00000e04    0000004c                              : cs.o (.text:_CSGetDOCFrequency)
                  00000e50    00000048                              : cs.o (.text:_CSGetDividerValue)
                  00000e98    00000044     rtsv7M4_T_le_v4SPD16_eabi.lib : autoinit.c.obj (.text:__TI_auto_init_nobinit_nopinit:__TI_auto_init_nobinit_nopinit)
                  00000edc    00000038                                   : boot_cortex_m.c.obj (.text:_c_int00_noargs:_c_int00_noargs)
                  00000f14    00000024     msp432p4xx_driverlib.lib : cs.o (.text:CS_clearInterruptFlag)
                  00000f38    00000020     rtsv7M4_T_le_v4SPD16_eabi.lib : u_tofd_t2.asm.obj (.text)
                  00000f58    00000018     msp432p4xx_driverlib.lib : cs.o (.text:CS_getMCLK)
                  00000f70    00000018                              : cs.o (.text:CS_getSMCLK)
                  00000f88    00000014                              : cs.o (.text:CS_setExternalClockSourceFrequency)
                  00000f9c    00000012     rtsv7M4_T_le_v4SPD16_eabi.lib : copy_zero_init.c.obj (.text:decompress:ZI:__TI_zero_init_nomemset:__TI_zero_init_nomemset)
                  00000fae    00000012     startup_msp432p401r_ccs.obj (.text)
                  00000fc0    00000010     msp432p4xx_driverlib.lib : sysctl.o (.text:SysCtl_disableNMISource)
                  00000fd0    00000010                              : sysctl.o (.text:SysCtl_enableNMISource)
                  00000fe0    0000000e     rtsv7M4_T_le_v4SPD16_eabi.lib : copy_decompress_none.c.obj (.text:decompress:none:__TI_decompress_none)
                  00000fee    00000002     --HOLE-- [fill = 0]
                  00000ff0    0000000c     msp432p4xx_driverlib.lib : sysctl.o (.text:SysCtl_getNMISourceStatus)
                  00000ffc    00000006                              : cs.o (.text:CS_startHFXT)
                  00001002    00000004     rtsv7M4_T_le_v4SPD16_eabi.lib : pre_init.c.obj (.text:_system_pre_init)
                  00001006    00000004                                   : exit.c.obj (.text:abort:abort)

.cinit     0    00001010    00000030     
                  00001010    0000000c     (__TI_handler_table)
                  0000101c    00000004     --HOLE-- [fill = 0]
                  00001020    00000008     (.cinit..bss.load) [load image, compression = zero_init]
                  00001028    00000008     (.cinit..data.load) [load image, compression = lzss]
                  00001030    00000010     (__TI_cinit_table)

.init_array 
*          0    00000000    00000000     UNINITIALIZED

.bss       0    20000000    00000022     UNINITIALIZED
                  20000000    00000004     (.common:ADC_Ready)
                  20000004    00000004     (.common:IR_Flag)
                  20000008    00000004     (.common:MCLKfreq)
                  2000000c    00000004     (.common:SMCLKfreq)
                  20000010    00000004     (.common:distance)
                  20000014    00000004     (.common:flag)
                  20000018    00000004     (.common:hfxtFreq)
                  2000001c    00000004     (.common:lfxtFreq)
                  20000020    00000002     (.common:raw_adc)

.data      0    20000024    00000004     UNINITIALIZED
                  20000024    00000004     system_msp432p401r.obj (.data)

.stack     0    2000fe00    00000200     UNINITIALIZED
                  2000fe00    00000004     rtsv7M4_T_le_v4SPD16_eabi.lib : boot_cortex_m.c.obj (.stack)
                  2000fe04    000001fc     --HOLE--

MODULE SUMMARY

       Module                        code   ro data   rw data
       ------                        ----   -------   -------
    .\
       system_msp432p401r.obj        808    0         4      
       startup_msp432p401r_ccs.obj   18     320       0      
       ADC_driver.obj                232    0         0      
       main.obj                      216    0         14     
       clockConfig.obj               204    0         8      
       systick_init.obj              108    0         4      
    +--+-----------------------------+------+---------+---------+
       Total:                        1586   320       30     
                                                             
    C:/ti/msp/MSP432Ware_3_50_00_02/driverlib/driverlib/MSP432P4xx/ccs/msp432p4xx_driverlib.lib
       cs.o                          942    0         8      
       sysctl.o                      124    0         0      
    +--+-----------------------------+------+---------+---------+
       Total:                        1066   0         8      
                                                             
    C:\ti\ccsv7\tools\compiler\ti-cgt-arm_18.1.2.LTS\lib\rtsv7M4_T_le_v4SPD16_eabi.lib
       fd_div_t2.asm.obj             310    0         0      
       fd_mul_t2.asm.obj             252    0         0      
       memcpy_t2.asm.obj             156    0         0      
       fd_tos_t2.asm.obj             110    0         0      
       copy_decompress_lzss.c.obj    104    0         0      
       autoinit.c.obj                68     0         0      
       boot_cortex_m.c.obj           56     0         0      
       u_tofd_t2.asm.obj             32     0         0      
       copy_zero_init.c.obj          18     0         0      
       copy_decompress_none.c.obj    14     0         0      
       exit.c.obj                    4      0         0      
       pre_init.c.obj                4      0         0      
    +--+-----------------------------+------+---------+---------+
       Total:                        1128   0         0      
                                                             
       Stack:                        0      0         512    
       Linker Generated:             0      44        0      
    +--+-----------------------------+------+---------+---------+
       Grand Total:                  3780   364       550    


LINKER GENERATED COPY TABLES

__TI_cinit_table @ 00001030 records: 2, size/record: 8, table size: 16
	.bss: load addr=00001020, load size=00000008 bytes, run addr=20000000, run size=00000022 bytes, compression=zero_init
	.data: load addr=00001028, load size=00000008 bytes, run addr=20000024, run size=00000004 bytes, compression=lzss


LINKER GENERATED HANDLER TABLE

__TI_handler_table @ 00001010 records: 3, size/record: 4, table size: 12
	index: 0, handler: __TI_decompress_lzss
	index: 1, handler: __TI_decompress_none
	index: 2, handler: __TI_zero_init


GLOBAL SYMBOLS: SORTED ALPHABETICALLY BY Name 

address   name                              
-------   ----                              
0000082f  ADC14_IRQHandler                  
20000000  ADC_Ready                         
000007a1  ADC_init                          
00000821  ADC_read                          
00001007  C$$EXIT                           
00000f15  CS_clearInterruptFlag             
000005a1  CS_getDCOFrequency                
00000f59  CS_getMCLK                        
00000f71  CS_getSMCLK                       
00000f89  CS_setExternalClockSourceFrequency
00000ffd  CS_startHFXT                      
00000a2d  CS_startHFXTWithTimeout           
20000004  IR_Flag                           
20000008  MCLKfreq                          
2000000c  SMCLKfreq                         
00000fc1  SysCtl_disableNMISource           
00000fd1  SysCtl_enableNMISource            
00000ff1  SysCtl_getNMISourceStatus         
00000db5  SysCtl_getTLVInfo                 
00000d2d  SysTickISR                        
00000ce1  SysTick_Init                      
00000cfd  SysTick_Load                      
00000d19  SysTick_Start                     
20000024  SystemCoreClock                   
00000141  SystemCoreClockUpdate             
000003b5  SystemInit                        
4000480c  WDTCTL_SYM                        
20010000  __STACK_END                       
00000200  __STACK_SIZE                      
00001030  __TI_CINIT_Base                   
00001040  __TI_CINIT_Limit                  
00001010  __TI_Handler_Table_Base           
0000101c  __TI_Handler_Table_Limit          
00000e99  __TI_auto_init_nobinit_nopinit    
00000d4d  __TI_decompress_lzss              
00000fe1  __TI_decompress_none              
ffffffff  __TI_pprof_out_hndl               
ffffffff  __TI_prof_data_size               
ffffffff  __TI_prof_data_start              
00000000  __TI_static_base__                
00000f9d  __TI_zero_init_nomemset           
00000c71  __aeabi_d2f                       
00000469  __aeabi_ddiv                      
000006a5  __aeabi_dmul                      
00000b65  __aeabi_memcpy                    
00000b65  __aeabi_memcpy4                   
00000b65  __aeabi_memcpy8                   
00000f39  __aeabi_ui2d                      
ffffffff  __binit__                         
ffffffff  __c_args__                        
UNDEFED   __mpu_init                        
2000fe00  __stack                           
00000edd  _c_int00_noargs                   
UNDEFED   _system_post_cinit                
00001003  _system_pre_init                  
00001007  abort                             
ffffffff  binit                             
000009a7  clockInit48MHzXTL                 
0000096d  clockStartUp                      
20000010  distance                          
20000014  flag                              
00000961  getMCLKfreq                       
00000967  getSMCLKfreq                      
00000000  interruptVectors                  
00000889  main                              
00000b65  memcpy                            
20000020  raw_adc                           


GLOBAL SYMBOLS: SORTED BY Symbol Address 

address   name                              
-------   ----                              
00000000  __TI_static_base__                
00000000  interruptVectors                  
00000141  SystemCoreClockUpdate             
00000200  __STACK_SIZE                      
000003b5  SystemInit                        
00000469  __aeabi_ddiv                      
000005a1  CS_getDCOFrequency                
000006a5  __aeabi_dmul                      
000007a1  ADC_init                          
00000821  ADC_read                          
0000082f  ADC14_IRQHandler                  
00000889  main                              
00000961  getMCLKfreq                       
00000967  getSMCLKfreq                      
0000096d  clockStartUp                      
000009a7  clockInit48MHzXTL                 
00000a2d  CS_startHFXTWithTimeout           
00000b65  __aeabi_memcpy                    
00000b65  __aeabi_memcpy4                   
00000b65  __aeabi_memcpy8                   
00000b65  memcpy                            
00000c71  __aeabi_d2f                       
00000ce1  SysTick_Init                      
00000cfd  SysTick_Load                      
00000d19  SysTick_Start                     
00000d2d  SysTickISR                        
00000d4d  __TI_decompress_lzss              
00000db5  SysCtl_getTLVInfo                 
00000e99  __TI_auto_init_nobinit_nopinit    
00000edd  _c_int00_noargs                   
00000f15  CS_clearInterruptFlag             
00000f39  __aeabi_ui2d                      
00000f59  CS_getMCLK                        
00000f71  CS_getSMCLK                       
00000f89  CS_setExternalClockSourceFrequency
00000f9d  __TI_zero_init_nomemset           
00000fc1  SysCtl_disableNMISource           
00000fd1  SysCtl_enableNMISource            
00000fe1  __TI_decompress_none              
00000ff1  SysCtl_getNMISourceStatus         
00000ffd  CS_startHFXT                      
00001003  _system_pre_init                  
00001007  C$$EXIT                           
00001007  abort                             
00001010  __TI_Handler_Table_Base           
0000101c  __TI_Handler_Table_Limit          
00001030  __TI_CINIT_Base                   
00001040  __TI_CINIT_Limit                  
20000000  ADC_Ready                         
20000004  IR_Flag                           
20000008  MCLKfreq                          
2000000c  SMCLKfreq                         
20000010  distance                          
20000014  flag                              
20000020  raw_adc                           
20000024  SystemCoreClock                   
2000fe00  __stack                           
20010000  __STACK_END                       
4000480c  WDTCTL_SYM                        
ffffffff  __TI_pprof_out_hndl               
ffffffff  __TI_prof_data_size               
ffffffff  __TI_prof_data_start              
ffffffff  __binit__                         
ffffffff  __c_args__                        
ffffffff  binit                             
UNDEFED   __mpu_init                        
UNDEFED   _system_post_cinit                

[67 symbols]
