******************************************************************************
                  TI ARM Linker PC v18.1.2                     
******************************************************************************
>> Linked Sun Jun 24 15:23:40 2018

OUTPUT FILE NAME:   <EGR424_Project2_IR.out>
ENTRY POINT SYMBOL: "_c_int00_noargs"  address: 00001085


MEMORY CONFIGURATION

         name            origin    length      used     unused   attr    fill
----------------------  --------  ---------  --------  --------  ----  --------
  MAIN                  00000000   00040000  000011e2  0003ee1e  R  X
  INFO                  00200000   00004000  00000000  00004000  R  X
  SRAM_CODE             01000000   00010000  00000000  00010000  RW X
  SRAM_DATA             20000000   00010000  00000226  0000fdda  RW  


SEGMENT ALLOCATION MAP

run origin  load origin   length   init length attrs members
----------  ----------- ---------- ----------- ----- -------
00000000    00000000    000011e8   000011e8    r-x
  00000000    00000000    00000140   00000140    r-- .intvecs
  00000140    00000140    00001072   00001072    r-x .text
  000011b8    000011b8    00000030   00000030    r-- .cinit
20000000    20000000    00000028   00000000    rw-
  20000000    20000000    00000022   00000000    rw- .bss
  20000024    20000024    00000004   00000000    rw- .data
2000fe00    2000fe00    00000200   00000000    rw-
  2000fe00    2000fe00    00000200   00000000    rw- .stack


SECTION ALLOCATION MAP

 output                                  attributes/
section   page    origin      length       input sections
--------  ----  ----------  ----------   ----------------
.intvecs   0    00000000    00000140     
                  00000000    00000140     startup_msp432p401r_ccs.obj (.intvecs:retain)

.text      0    00000140    00001072     
                  00000140    00000328     system_msp432p401r.obj (.text)
                  00000468    00000170     main.obj (.text)
                  000005d8    00000136     rtsv7M4_T_le_v4SPD16_eabi.lib : fd_div_t2.asm.obj (.text)
                  0000070e    00000002     --HOLE-- [fill = 0]
                  00000710    00000110     servo.obj (.text)
                  00000820    00000104     msp432p4xx_driverlib.lib : cs.o (.text:CS_getDCOFrequency)
                  00000924    000000fc     rtsv7M4_T_le_v4SPD16_eabi.lib : fd_mul_t2.asm.obj (.text)
                  00000a20    000000e8     ADC_driver.obj (.text)
                  00000b08    000000cc     clockConfig.obj (.text)
                  00000bd4    0000009c     msp432p4xx_driverlib.lib : cs.o (.text:CS_startHFXTWithTimeout)
                  00000c70    0000009c                              : cs.o (.text:_CSComputeCLKFrequency)
                  00000d0c    0000009c     rtsv7M4_T_le_v4SPD16_eabi.lib : memcpy_t2.asm.obj (.text)
                  00000da8    00000070     msp432p4xx_driverlib.lib : cs.o (.text:_CSGetHFXTFrequency)
                  00000e18    0000006e     rtsv7M4_T_le_v4SPD16_eabi.lib : fd_tos_t2.asm.obj (.text)
                  00000e86    00000002     --HOLE-- [fill = 0]
                  00000e88    0000006c     systick_init.obj (.text)
                  00000ef4    00000068     rtsv7M4_T_le_v4SPD16_eabi.lib : copy_decompress_lzss.c.obj (.text:decompress:lzss:__TI_decompress_lzss)
                  00000f5c    00000050     msp432p4xx_driverlib.lib : sysctl.o (.text:SysCtl_getTLVInfo)
                  00000fac    0000004c                              : cs.o (.text:_CSGetDOCFrequency)
                  00000ff8    00000048                              : cs.o (.text:_CSGetDividerValue)
                  00001040    00000044     rtsv7M4_T_le_v4SPD16_eabi.lib : autoinit.c.obj (.text:__TI_auto_init_nobinit_nopinit:__TI_auto_init_nobinit_nopinit)
                  00001084    00000038                                   : boot_cortex_m.c.obj (.text:_c_int00_noargs:_c_int00_noargs)
                  000010bc    00000024     msp432p4xx_driverlib.lib : cs.o (.text:CS_clearInterruptFlag)
                  000010e0    00000020     rtsv7M4_T_le_v4SPD16_eabi.lib : u_tofd_t2.asm.obj (.text)
                  00001100    00000018     msp432p4xx_driverlib.lib : cs.o (.text:CS_getMCLK)
                  00001118    00000018                              : cs.o (.text:CS_getSMCLK)
                  00001130    00000014                              : cs.o (.text:CS_setExternalClockSourceFrequency)
                  00001144    00000012     rtsv7M4_T_le_v4SPD16_eabi.lib : copy_zero_init.c.obj (.text:decompress:ZI:__TI_zero_init_nomemset:__TI_zero_init_nomemset)
                  00001156    00000012     startup_msp432p401r_ccs.obj (.text)
                  00001168    00000010     msp432p4xx_driverlib.lib : sysctl.o (.text:SysCtl_disableNMISource)
                  00001178    00000010                              : sysctl.o (.text:SysCtl_enableNMISource)
                  00001188    0000000e     rtsv7M4_T_le_v4SPD16_eabi.lib : copy_decompress_none.c.obj (.text:decompress:none:__TI_decompress_none)
                  00001196    00000002     --HOLE-- [fill = 0]
                  00001198    0000000c     msp432p4xx_driverlib.lib : sysctl.o (.text:SysCtl_getNMISourceStatus)
                  000011a4    00000006                              : cs.o (.text:CS_startHFXT)
                  000011aa    00000004     rtsv7M4_T_le_v4SPD16_eabi.lib : pre_init.c.obj (.text:_system_pre_init)
                  000011ae    00000004                                   : exit.c.obj (.text:abort:abort)

.cinit     0    000011b8    00000030     
                  000011b8    0000000c     (__TI_handler_table)
                  000011c4    00000004     --HOLE-- [fill = 0]
                  000011c8    00000008     (.cinit..bss.load) [load image, compression = zero_init]
                  000011d0    00000008     (.cinit..data.load) [load image, compression = lzss]
                  000011d8    00000010     (__TI_cinit_table)

.init_array 
*          0    00000000    00000000     UNINITIALIZED

.bss       0    20000000    00000022     UNINITIALIZED
                  20000000    00000004     (.common:ADC_Ready)
                  20000004    00000004     (.common:IR_Flag)
                  20000008    00000004     (.common:MCLKfreq)
                  2000000c    00000004     (.common:SMCLKfreq)
                  20000010    00000004     (.common:distance)
                  20000014    00000004     (.common:flag)
                  20000018    00000004     (.common:hfxtFreq)
                  2000001c    00000004     (.common:lfxtFreq)
                  20000020    00000002     (.common:raw_adc)

.data      0    20000024    00000004     UNINITIALIZED
                  20000024    00000004     system_msp432p401r.obj (.data)

.stack     0    2000fe00    00000200     UNINITIALIZED
                  2000fe00    00000004     rtsv7M4_T_le_v4SPD16_eabi.lib : boot_cortex_m.c.obj (.stack)
                  2000fe04    000001fc     --HOLE--

MODULE SUMMARY

       Module                        code   ro data   rw data
       ------                        ----   -------   -------
    .\
       system_msp432p401r.obj        808    0         4      
       main.obj                      368    0         14     
       startup_msp432p401r_ccs.obj   18     320       0      
       servo.obj                     272    0         0      
       ADC_driver.obj                232    0         0      
       clockConfig.obj               204    0         8      
       systick_init.obj              108    0         4      
    +--+-----------------------------+------+---------+---------+
       Total:                        2010   320       30     
                                                             
    C:/ti/msp/MSP432Ware_3_50_00_02/driverlib/driverlib/MSP432P4xx/ccs/msp432p4xx_driverlib.lib
       cs.o                          942    0         8      
       sysctl.o                      124    0         0      
    +--+-----------------------------+------+---------+---------+
       Total:                        1066   0         8      
                                                             
    C:\ti\ccsv7\tools\compiler\ti-cgt-arm_18.1.2.LTS\lib\rtsv7M4_T_le_v4SPD16_eabi.lib
       fd_div_t2.asm.obj             310    0         0      
       fd_mul_t2.asm.obj             252    0         0      
       memcpy_t2.asm.obj             156    0         0      
       fd_tos_t2.asm.obj             110    0         0      
       copy_decompress_lzss.c.obj    104    0         0      
       autoinit.c.obj                68     0         0      
       boot_cortex_m.c.obj           56     0         0      
       u_tofd_t2.asm.obj             32     0         0      
       copy_zero_init.c.obj          18     0         0      
       copy_decompress_none.c.obj    14     0         0      
       exit.c.obj                    4      0         0      
       pre_init.c.obj                4      0         0      
    +--+-----------------------------+------+---------+---------+
       Total:                        1128   0         0      
                                                             
       Stack:                        0      0         512    
       Linker Generated:             0      44        0      
    +--+-----------------------------+------+---------+---------+
       Grand Total:                  4204   364       550    


LINKER GENERATED COPY TABLES

__TI_cinit_table @ 000011d8 records: 2, size/record: 8, table size: 16
	.bss: load addr=000011c8, load size=00000008 bytes, run addr=20000000, run size=00000022 bytes, compression=zero_init
	.data: load addr=000011d0, load size=00000008 bytes, run addr=20000024, run size=00000004 bytes, compression=lzss


LINKER GENERATED HANDLER TABLE

__TI_handler_table @ 000011b8 records: 3, size/record: 4, table size: 12
	index: 0, handler: __TI_decompress_lzss
	index: 1, handler: __TI_decompress_none
	index: 2, handler: __TI_zero_init


GLOBAL SYMBOLS: SORTED ALPHABETICALLY BY Name 

address   name                              
-------   ----                              
00000aaf  ADC14_IRQHandler                  
20000000  ADC_Ready                         
00000a21  ADC_init                          
00000aa1  ADC_read                          
000011af  C$$EXIT                           
000010bd  CS_clearInterruptFlag             
00000821  CS_getDCOFrequency                
00001101  CS_getMCLK                        
00001119  CS_getSMCLK                       
00001131  CS_setExternalClockSourceFrequency
000011a5  CS_startHFXT                      
00000bd5  CS_startHFXTWithTimeout           
20000004  IR_Flag                           
20000008  MCLKfreq                          
000007c9  PWM_Duty1                         
0000071f  PWM_Init                          
2000000c  SMCLKfreq                         
00001169  SysCtl_disableNMISource           
00001179  SysCtl_enableNMISource            
00001199  SysCtl_getNMISourceStatus         
00000f5d  SysCtl_getTLVInfo                 
00000ed5  SysTickISR                        
00000e89  SysTick_Init                      
00000ea5  SysTick_Load                      
00000ec1  SysTick_Start                     
20000024  SystemCoreClock                   
00000141  SystemCoreClockUpdate             
000003b5  SystemInit                        
4000480c  WDTCTL_SYM                        
20010000  __STACK_END                       
00000200  __STACK_SIZE                      
000011d8  __TI_CINIT_Base                   
000011e8  __TI_CINIT_Limit                  
000011b8  __TI_Handler_Table_Base           
000011c4  __TI_Handler_Table_Limit          
00001041  __TI_auto_init_nobinit_nopinit    
00000ef5  __TI_decompress_lzss              
00001189  __TI_decompress_none              
ffffffff  __TI_pprof_out_hndl               
ffffffff  __TI_prof_data_size               
ffffffff  __TI_prof_data_start              
00000000  __TI_static_base__                
00001145  __TI_zero_init_nomemset           
00000e19  __aeabi_d2f                       
000005d9  __aeabi_ddiv                      
00000925  __aeabi_dmul                      
00000d0d  __aeabi_memcpy                    
00000d0d  __aeabi_memcpy4                   
00000d0d  __aeabi_memcpy8                   
000010e1  __aeabi_ui2d                      
ffffffff  __binit__                         
ffffffff  __c_args__                        
UNDEFED   __mpu_init                        
2000fe00  __stack                           
00001085  _c_int00_noargs                   
UNDEFED   _system_post_cinit                
000011ab  _system_pre_init                  
000011af  abort                             
ffffffff  binit                             
00000b4f  clockInit48MHzXTL                 
00000b15  clockStartUp                      
20000010  distance                          
20000014  flag                              
00000b09  getMCLKfreq                       
00000b0f  getSMCLKfreq                      
00000000  interruptVectors                  
00000469  main                              
00000d0d  memcpy                            
20000020  raw_adc                           
00000711  servo_setup                       


GLOBAL SYMBOLS: SORTED BY Symbol Address 

address   name                              
-------   ----                              
00000000  __TI_static_base__                
00000000  interruptVectors                  
00000141  SystemCoreClockUpdate             
00000200  __STACK_SIZE                      
000003b5  SystemInit                        
00000469  main                              
000005d9  __aeabi_ddiv                      
00000711  servo_setup                       
0000071f  PWM_Init                          
000007c9  PWM_Duty1                         
00000821  CS_getDCOFrequency                
00000925  __aeabi_dmul                      
00000a21  ADC_init                          
00000aa1  ADC_read                          
00000aaf  ADC14_IRQHandler                  
00000b09  getMCLKfreq                       
00000b0f  getSMCLKfreq                      
00000b15  clockStartUp                      
00000b4f  clockInit48MHzXTL                 
00000bd5  CS_startHFXTWithTimeout           
00000d0d  __aeabi_memcpy                    
00000d0d  __aeabi_memcpy4                   
00000d0d  __aeabi_memcpy8                   
00000d0d  memcpy                            
00000e19  __aeabi_d2f                       
00000e89  SysTick_Init                      
00000ea5  SysTick_Load                      
00000ec1  SysTick_Start                     
00000ed5  SysTickISR                        
00000ef5  __TI_decompress_lzss              
00000f5d  SysCtl_getTLVInfo                 
00001041  __TI_auto_init_nobinit_nopinit    
00001085  _c_int00_noargs                   
000010bd  CS_clearInterruptFlag             
000010e1  __aeabi_ui2d                      
00001101  CS_getMCLK                        
00001119  CS_getSMCLK                       
00001131  CS_setExternalClockSourceFrequency
00001145  __TI_zero_init_nomemset           
00001169  SysCtl_disableNMISource           
00001179  SysCtl_enableNMISource            
00001189  __TI_decompress_none              
00001199  SysCtl_getNMISourceStatus         
000011a5  CS_startHFXT                      
000011ab  _system_pre_init                  
000011af  C$$EXIT                           
000011af  abort                             
000011b8  __TI_Handler_Table_Base           
000011c4  __TI_Handler_Table_Limit          
000011d8  __TI_CINIT_Base                   
000011e8  __TI_CINIT_Limit                  
20000000  ADC_Ready                         
20000004  IR_Flag                           
20000008  MCLKfreq                          
2000000c  SMCLKfreq                         
20000010  distance                          
20000014  flag                              
20000020  raw_adc                           
20000024  SystemCoreClock                   
2000fe00  __stack                           
20010000  __STACK_END                       
4000480c  WDTCTL_SYM                        
ffffffff  __TI_pprof_out_hndl               
ffffffff  __TI_prof_data_size               
ffffffff  __TI_prof_data_start              
ffffffff  __binit__                         
ffffffff  __c_args__                        
ffffffff  binit                             
UNDEFED   __mpu_init                        
UNDEFED   _system_post_cinit                

[70 symbols]
