******************************************************************************
                  TI ARM Linker PC v18.1.2                     
******************************************************************************
>> Linked Wed Jun 27 14:12:27 2018

OUTPUT FILE NAME:   <EGR424_Project2_IR.out>
ENTRY POINT SYMBOL: "_c_int00_noargs"  address: 0000112d


MEMORY CONFIGURATION

         name            origin    length      used     unused   attr    fill
----------------------  --------  ---------  --------  --------  ----  --------
  MAIN                  00000000   00040000  0000129a  0003ed66  R  X
  INFO                  00200000   00004000  00000000  00004000  R  X
  SRAM_CODE             01000000   00010000  00000000  00010000  RW X
  SRAM_DATA             20000000   00010000  0000023e  0000fdc2  RW  


SEGMENT ALLOCATION MAP

run origin  load origin   length   init length attrs members
----------  ----------- ---------- ----------- ----- -------
00000000    00000000    000012a0   000012a0    r-x
  00000000    00000000    00000140   00000140    r-- .intvecs
  00000140    00000140    0000111a   0000111a    r-x .text
  00001260    00001260    00000040   00000040    r-- .cinit
20000000    20000000    0000003e   00000000    rw-
  20000000    20000000    00000024   00000000    rw- .data
  20000024    20000024    0000001a   00000000    rw- .bss
2000fe00    2000fe00    00000200   00000000    rw-
  2000fe00    2000fe00    00000200   00000000    rw- .stack


SECTION ALLOCATION MAP

 output                                  attributes/
section   page    origin      length       input sections
--------  ----  ----------  ----------   ----------------
.intvecs   0    00000000    00000140     
                  00000000    00000140     startup_msp432p401r_ccs.obj (.intvecs:retain)

.text      0    00000140    0000111a     
                  00000140    00000328     system_msp432p401r.obj (.text)
                  00000468    0000013c     servo.obj (.text)
                  000005a4    00000136     rtsv7M4_T_le_v4SPD16_eabi.lib : fd_div_t2.asm.obj (.text)
                  000006da    00000002     --HOLE-- [fill = 0]
                  000006dc    00000110     main.obj (.text)
                  000007ec    00000104     msp432p4xx_driverlib.lib : cs.o (.text:CS_getDCOFrequency)
                  000008f0    000000fc     rtsv7M4_T_le_v4SPD16_eabi.lib : fd_mul_t2.asm.obj (.text)
                  000009ec    000000e4     ADC_driver.obj (.text)
                  00000ad0    000000dc     uartConfig.obj (.text)
                  00000bac    000000cc     clockConfig.obj (.text)
                  00000c78    0000009c     msp432p4xx_driverlib.lib : cs.o (.text:CS_startHFXTWithTimeout)
                  00000d14    0000009c                              : cs.o (.text:_CSComputeCLKFrequency)
                  00000db0    0000009c     rtsv7M4_T_le_v4SPD16_eabi.lib : memcpy_t2.asm.obj (.text)
                  00000e4c    00000070     msp432p4xx_driverlib.lib : cs.o (.text:_CSGetHFXTFrequency)
                  00000ebc    00000070     systick_init.obj (.text)
                  00000f2c    0000006e     rtsv7M4_T_le_v4SPD16_eabi.lib : fd_tos_t2.asm.obj (.text)
                  00000f9a    00000068                                   : copy_decompress_lzss.c.obj (.text:decompress:lzss:__TI_decompress_lzss)
                  00001002    00000002     --HOLE-- [fill = 0]
                  00001004    00000050     msp432p4xx_driverlib.lib : sysctl.o (.text:SysCtl_getTLVInfo)
                  00001054    0000004c                              : cs.o (.text:_CSGetDOCFrequency)
                  000010a0    00000048                              : cs.o (.text:_CSGetDividerValue)
                  000010e8    00000044     rtsv7M4_T_le_v4SPD16_eabi.lib : autoinit.c.obj (.text:__TI_auto_init_nobinit_nopinit:__TI_auto_init_nobinit_nopinit)
                  0000112c    00000038                                   : boot_cortex_m.c.obj (.text:_c_int00_noargs:_c_int00_noargs)
                  00001164    00000024     msp432p4xx_driverlib.lib : cs.o (.text:CS_clearInterruptFlag)
                  00001188    00000020     rtsv7M4_T_le_v4SPD16_eabi.lib : u_tofd_t2.asm.obj (.text)
                  000011a8    00000018     msp432p4xx_driverlib.lib : cs.o (.text:CS_getMCLK)
                  000011c0    00000018                              : cs.o (.text:CS_getSMCLK)
                  000011d8    00000014                              : cs.o (.text:CS_setExternalClockSourceFrequency)
                  000011ec    00000012     rtsv7M4_T_le_v4SPD16_eabi.lib : copy_zero_init.c.obj (.text:decompress:ZI:__TI_zero_init_nomemset:__TI_zero_init_nomemset)
                  000011fe    00000012     startup_msp432p401r_ccs.obj (.text)
                  00001210    00000010     msp432p4xx_driverlib.lib : sysctl.o (.text:SysCtl_disableNMISource)
                  00001220    00000010                              : sysctl.o (.text:SysCtl_enableNMISource)
                  00001230    0000000e     rtsv7M4_T_le_v4SPD16_eabi.lib : copy_decompress_none.c.obj (.text:decompress:none:__TI_decompress_none)
                  0000123e    00000002     --HOLE-- [fill = 0]
                  00001240    0000000c     msp432p4xx_driverlib.lib : sysctl.o (.text:SysCtl_getNMISourceStatus)
                  0000124c    00000006                              : cs.o (.text:CS_startHFXT)
                  00001252    00000004     rtsv7M4_T_le_v4SPD16_eabi.lib : pre_init.c.obj (.text:_system_pre_init)
                  00001256    00000004                                   : exit.c.obj (.text:abort:abort)

.cinit     0    00001260    00000040     
                  00001260    00000016     (.cinit..data.load) [load image, compression = lzss]
                  00001276    00000002     --HOLE-- [fill = 0]
                  00001278    0000000c     (__TI_handler_table)
                  00001284    00000004     --HOLE-- [fill = 0]
                  00001288    00000008     (.cinit..bss.load) [load image, compression = zero_init]
                  00001290    00000010     (__TI_cinit_table)

.init_array 
*          0    00000000    00000000     UNINITIALIZED

.data      0    20000000    00000024     UNINITIALIZED
                  20000000    00000018     main.obj (.data)
                  20000018    00000006     main.obj (.data:default_pattern)
                  2000001e    00000002     --HOLE--
                  20000020    00000004     system_msp432p401r.obj (.data)

.bss       0    20000024    0000001a     UNINITIALIZED
                  20000024    00000004     (.common:MCLKfreq)
                  20000028    00000004     (.common:SMCLKfreq)
                  2000002c    00000004     (.common:distance)
                  20000030    00000004     (.common:flag)
                  20000034    00000004     (.common:hfxtFreq)
                  20000038    00000004     (.common:lfxtFreq)
                  2000003c    00000002     (.common:raw_adc)

.stack     0    2000fe00    00000200     UNINITIALIZED
                  2000fe00    00000004     rtsv7M4_T_le_v4SPD16_eabi.lib : boot_cortex_m.c.obj (.stack)
                  2000fe04    000001fc     --HOLE--

MODULE SUMMARY

       Module                        code   ro data   rw data
       ------                        ----   -------   -------
    .\
       system_msp432p401r.obj        808    0         4      
       startup_msp432p401r_ccs.obj   18     320       0      
       servo.obj                     316    0         0      
       main.obj                      272    0         36     
       ADC_driver.obj                228    0         0      
       uartConfig.obj                220    0         0      
       clockConfig.obj               204    0         8      
       systick_init.obj              112    0         4      
    +--+-----------------------------+------+---------+---------+
       Total:                        2178   320       52     
                                                             
    C:/ti/msp/MSP432Ware_3_50_00_02/driverlib/driverlib/MSP432P4xx/ccs/msp432p4xx_driverlib.lib
       cs.o                          942    0         8      
       sysctl.o                      124    0         0      
    +--+-----------------------------+------+---------+---------+
       Total:                        1066   0         8      
                                                             
    C:\ti\ccsv6\tools\compiler\ti-cgt-arm_18.1.2.LTS\lib\rtsv7M4_T_le_v4SPD16_eabi.lib
       fd_div_t2.asm.obj             310    0         0      
       fd_mul_t2.asm.obj             252    0         0      
       memcpy_t2.asm.obj             156    0         0      
       fd_tos_t2.asm.obj             110    0         0      
       copy_decompress_lzss.c.obj    104    0         0      
       autoinit.c.obj                68     0         0      
       boot_cortex_m.c.obj           56     0         0      
       u_tofd_t2.asm.obj             32     0         0      
       copy_zero_init.c.obj          18     0         0      
       copy_decompress_none.c.obj    14     0         0      
       exit.c.obj                    4      0         0      
       pre_init.c.obj                4      0         0      
    +--+-----------------------------+------+---------+---------+
       Total:                        1128   0         0      
                                                             
       Stack:                        0      0         512    
       Linker Generated:             0      58        0      
    +--+-----------------------------+------+---------+---------+
       Grand Total:                  4372   378       572    


LINKER GENERATED COPY TABLES

__TI_cinit_table @ 00001290 records: 2, size/record: 8, table size: 16
	.data: load addr=00001260, load size=00000016 bytes, run addr=20000000, run size=00000024 bytes, compression=lzss
	.bss: load addr=00001288, load size=00000008 bytes, run addr=20000024, run size=0000001a bytes, compression=zero_init


LINKER GENERATED HANDLER TABLE

__TI_handler_table @ 00001278 records: 3, size/record: 4, table size: 12
	index: 0, handler: __TI_decompress_lzss
	index: 1, handler: __TI_decompress_none
	index: 2, handler: __TI_zero_init


GLOBAL SYMBOLS: SORTED ALPHABETICALLY BY Name 

address   name                              
-------   ----                              
00000a79  ADC14_IRQHandler                  
20000004  ADC_Ready                         
000009ed  ADC_init                          
00000a6b  ADC_read                          
00001257  C$$EXIT                           
00001165  CS_clearInterruptFlag             
000007ed  CS_getDCOFrequency                
000011a9  CS_getMCLK                        
000011c1  CS_getSMCLK                       
000011d9  CS_setExternalClockSourceFrequency
0000124d  CS_startHFXT                      
00000c79  CS_startHFXTWithTimeout           
00000b55  EUSCIA0_IRQHandler                
00000b39  EUSCIA0_Interrupt_Enable          
20000000  IR_Flag                           
20000024  MCLKfreq                          
00000b49  Master_Interrupt_Enable           
000004cb  PWM_Duty                          
00000489  PWM_Init                          
20000028  SMCLKfreq                         
00001211  SysCtl_disableNMISource           
00001221  SysCtl_enableNMISource            
00001241  SysCtl_getNMISourceStatus         
00001005  SysCtl_getTLVInfo                 
00000f09  SysTickISR                        
00000ebd  SysTick_Init                      
00000ed9  SysTick_Load                      
00000ef5  SysTick_Start                     
20000020  SystemCoreClock                   
00000141  SystemCoreClockUpdate             
000003b5  SystemInit                        
00000ad1  UART0_init                        
4000480c  WDTCTL_SYM                        
20010000  __STACK_END                       
00000200  __STACK_SIZE                      
00001290  __TI_CINIT_Base                   
000012a0  __TI_CINIT_Limit                  
00001278  __TI_Handler_Table_Base           
00001284  __TI_Handler_Table_Limit          
000010e9  __TI_auto_init_nobinit_nopinit    
00000f9b  __TI_decompress_lzss              
00001231  __TI_decompress_none              
ffffffff  __TI_pprof_out_hndl               
ffffffff  __TI_prof_data_size               
ffffffff  __TI_prof_data_start              
00000000  __TI_static_base__                
000011ed  __TI_zero_init_nomemset           
00000f2d  __aeabi_d2f                       
000005a5  __aeabi_ddiv                      
000008f1  __aeabi_dmul                      
00000db1  __aeabi_memcpy                    
00000db1  __aeabi_memcpy4                   
00000db1  __aeabi_memcpy8                   
00001189  __aeabi_ui2d                      
ffffffff  __binit__                         
ffffffff  __c_args__                        
UNDEFED   __mpu_init                        
2000fe00  __stack                           
0000112d  _c_int00_noargs                   
UNDEFED   _system_post_cinit                
00001253  _system_pre_init                  
00001257  abort                             
ffffffff  binit                             
00000bf3  clockInit48MHzXTL                 
00000bb9  clockStartUp                      
20000018  default_pattern                   
2000002c  distance                          
20000014  duty_cycle                        
20000030  flag                              
00000bad  getMCLKfreq                       
00000bb3  getSMCLKfreq                      
20000010  index                             
00000000  interruptVectors                  
000006dd  main                              
00000db1  memcpy                            
20000016  period                            
2000003c  raw_adc                           
000004eb  servo_move                        
0000052f  servo_pattern                     
00000469  servo_setup                       
2000000c  servo_triggered                   
20000008  tick_count                        


GLOBAL SYMBOLS: SORTED BY Symbol Address 

address   name                              
-------   ----                              
00000000  __TI_static_base__                
00000000  interruptVectors                  
00000141  SystemCoreClockUpdate             
00000200  __STACK_SIZE                      
000003b5  SystemInit                        
00000469  servo_setup                       
00000489  PWM_Init                          
000004cb  PWM_Duty                          
000004eb  servo_move                        
0000052f  servo_pattern                     
000005a5  __aeabi_ddiv                      
000006dd  main                              
000007ed  CS_getDCOFrequency                
000008f1  __aeabi_dmul                      
000009ed  ADC_init                          
00000a6b  ADC_read                          
00000a79  ADC14_IRQHandler                  
00000ad1  UART0_init                        
00000b39  EUSCIA0_Interrupt_Enable          
00000b49  Master_Interrupt_Enable           
00000b55  EUSCIA0_IRQHandler                
00000bad  getMCLKfreq                       
00000bb3  getSMCLKfreq                      
00000bb9  clockStartUp                      
00000bf3  clockInit48MHzXTL                 
00000c79  CS_startHFXTWithTimeout           
00000db1  __aeabi_memcpy                    
00000db1  __aeabi_memcpy4                   
00000db1  __aeabi_memcpy8                   
00000db1  memcpy                            
00000ebd  SysTick_Init                      
00000ed9  SysTick_Load                      
00000ef5  SysTick_Start                     
00000f09  SysTickISR                        
00000f2d  __aeabi_d2f                       
00000f9b  __TI_decompress_lzss              
00001005  SysCtl_getTLVInfo                 
000010e9  __TI_auto_init_nobinit_nopinit    
0000112d  _c_int00_noargs                   
00001165  CS_clearInterruptFlag             
00001189  __aeabi_ui2d                      
000011a9  CS_getMCLK                        
000011c1  CS_getSMCLK                       
000011d9  CS_setExternalClockSourceFrequency
000011ed  __TI_zero_init_nomemset           
00001211  SysCtl_disableNMISource           
00001221  SysCtl_enableNMISource            
00001231  __TI_decompress_none              
00001241  SysCtl_getNMISourceStatus         
0000124d  CS_startHFXT                      
00001253  _system_pre_init                  
00001257  C$$EXIT                           
00001257  abort                             
00001278  __TI_Handler_Table_Base           
00001284  __TI_Handler_Table_Limit          
00001290  __TI_CINIT_Base                   
000012a0  __TI_CINIT_Limit                  
20000000  IR_Flag                           
20000004  ADC_Ready                         
20000008  tick_count                        
2000000c  servo_triggered                   
20000010  index                             
20000014  duty_cycle                        
20000016  period                            
20000018  default_pattern                   
20000020  SystemCoreClock                   
20000024  MCLKfreq                          
20000028  SMCLKfreq                         
2000002c  distance                          
20000030  flag                              
2000003c  raw_adc                           
2000fe00  __stack                           
20010000  __STACK_END                       
4000480c  WDTCTL_SYM                        
ffffffff  __TI_pprof_out_hndl               
ffffffff  __TI_prof_data_size               
ffffffff  __TI_prof_data_start              
ffffffff  __binit__                         
ffffffff  __c_args__                        
ffffffff  binit                             
UNDEFED   __mpu_init                        
UNDEFED   _system_post_cinit                

[82 symbols]
