******************************************************************************
                  TI ARM Linker PC v18.1.2                     
******************************************************************************
>> Linked Mon Jun 25 09:25:30 2018

OUTPUT FILE NAME:   <EGR424_Project2_IR.out>
ENTRY POINT SYMBOL: "_c_int00_noargs"  address: 00001045


MEMORY CONFIGURATION

         name            origin    length      used     unused   attr    fill
----------------------  --------  ---------  --------  --------  ----  --------
  MAIN                  00000000   00040000  000011b2  0003ee4e  R  X
  INFO                  00200000   00004000  00000000  00004000  R  X
  SRAM_CODE             01000000   00010000  00000000  00010000  RW X
  SRAM_DATA             20000000   00010000  0000023e  0000fdc2  RW  


SEGMENT ALLOCATION MAP

run origin  load origin   length   init length attrs members
----------  ----------- ---------- ----------- ----- -------
00000000    00000000    000011b8   000011b8    r-x
  00000000    00000000    00000140   00000140    r-- .intvecs
  00000140    00000140    00001032   00001032    r-x .text
  00001178    00001178    00000040   00000040    r-- .cinit
20000000    20000000    0000003e   00000000    rw-
  20000000    20000000    00000024   00000000    rw- .data
  20000024    20000024    0000001a   00000000    rw- .bss
2000fe00    2000fe00    00000200   00000000    rw-
  2000fe00    2000fe00    00000200   00000000    rw- .stack


SECTION ALLOCATION MAP

 output                                  attributes/
section   page    origin      length       input sections
--------  ----  ----------  ----------   ----------------
.intvecs   0    00000000    00000140     
                  00000000    00000140     startup_msp432p401r_ccs.obj (.intvecs:retain)

.text      0    00000140    00001032     
                  00000140    00000328     system_msp432p401r.obj (.text)
                  00000468    0000013c     servo.obj (.text)
                  000005a4    00000136     rtsv7M4_T_le_v4SPD16_eabi.lib : fd_div_t2.asm.obj (.text)
                  000006da    00000002     --HOLE-- [fill = 0]
                  000006dc    00000104     msp432p4xx_driverlib.lib : cs.o (.text:CS_getDCOFrequency)
                  000007e0    00000104     main.obj (.text)
                  000008e4    000000fc     rtsv7M4_T_le_v4SPD16_eabi.lib : fd_mul_t2.asm.obj (.text)
                  000009e0    000000e4     ADC_driver.obj (.text)
                  00000ac4    000000cc     clockConfig.obj (.text)
                  00000b90    0000009c     msp432p4xx_driverlib.lib : cs.o (.text:CS_startHFXTWithTimeout)
                  00000c2c    0000009c                              : cs.o (.text:_CSComputeCLKFrequency)
                  00000cc8    0000009c     rtsv7M4_T_le_v4SPD16_eabi.lib : memcpy_t2.asm.obj (.text)
                  00000d64    00000070     msp432p4xx_driverlib.lib : cs.o (.text:_CSGetHFXTFrequency)
                  00000dd4    00000070     systick_init.obj (.text)
                  00000e44    0000006e     rtsv7M4_T_le_v4SPD16_eabi.lib : fd_tos_t2.asm.obj (.text)
                  00000eb2    00000068                                   : copy_decompress_lzss.c.obj (.text:decompress:lzss:__TI_decompress_lzss)
                  00000f1a    00000002     --HOLE-- [fill = 0]
                  00000f1c    00000050     msp432p4xx_driverlib.lib : sysctl.o (.text:SysCtl_getTLVInfo)
                  00000f6c    0000004c                              : cs.o (.text:_CSGetDOCFrequency)
                  00000fb8    00000048                              : cs.o (.text:_CSGetDividerValue)
                  00001000    00000044     rtsv7M4_T_le_v4SPD16_eabi.lib : autoinit.c.obj (.text:__TI_auto_init_nobinit_nopinit:__TI_auto_init_nobinit_nopinit)
                  00001044    00000038                                   : boot_cortex_m.c.obj (.text:_c_int00_noargs:_c_int00_noargs)
                  0000107c    00000024     msp432p4xx_driverlib.lib : cs.o (.text:CS_clearInterruptFlag)
                  000010a0    00000020     rtsv7M4_T_le_v4SPD16_eabi.lib : u_tofd_t2.asm.obj (.text)
                  000010c0    00000018     msp432p4xx_driverlib.lib : cs.o (.text:CS_getMCLK)
                  000010d8    00000018                              : cs.o (.text:CS_getSMCLK)
                  000010f0    00000014                              : cs.o (.text:CS_setExternalClockSourceFrequency)
                  00001104    00000012     rtsv7M4_T_le_v4SPD16_eabi.lib : copy_zero_init.c.obj (.text:decompress:ZI:__TI_zero_init_nomemset:__TI_zero_init_nomemset)
                  00001116    00000012     startup_msp432p401r_ccs.obj (.text)
                  00001128    00000010     msp432p4xx_driverlib.lib : sysctl.o (.text:SysCtl_disableNMISource)
                  00001138    00000010                              : sysctl.o (.text:SysCtl_enableNMISource)
                  00001148    0000000e     rtsv7M4_T_le_v4SPD16_eabi.lib : copy_decompress_none.c.obj (.text:decompress:none:__TI_decompress_none)
                  00001156    00000002     --HOLE-- [fill = 0]
                  00001158    0000000c     msp432p4xx_driverlib.lib : sysctl.o (.text:SysCtl_getNMISourceStatus)
                  00001164    00000006                              : cs.o (.text:CS_startHFXT)
                  0000116a    00000004     rtsv7M4_T_le_v4SPD16_eabi.lib : pre_init.c.obj (.text:_system_pre_init)
                  0000116e    00000004                                   : exit.c.obj (.text:abort:abort)

.cinit     0    00001178    00000040     
                  00001178    00000016     (.cinit..data.load) [load image, compression = lzss]
                  0000118e    00000002     --HOLE-- [fill = 0]
                  00001190    0000000c     (__TI_handler_table)
                  0000119c    00000004     --HOLE-- [fill = 0]
                  000011a0    00000008     (.cinit..bss.load) [load image, compression = zero_init]
                  000011a8    00000010     (__TI_cinit_table)

.init_array 
*          0    00000000    00000000     UNINITIALIZED

.data      0    20000000    00000024     UNINITIALIZED
                  20000000    00000018     main.obj (.data)
                  20000018    00000006     main.obj (.data:default_pattern)
                  2000001e    00000002     --HOLE--
                  20000020    00000004     system_msp432p401r.obj (.data)

.bss       0    20000024    0000001a     UNINITIALIZED
                  20000024    00000004     (.common:MCLKfreq)
                  20000028    00000004     (.common:SMCLKfreq)
                  2000002c    00000004     (.common:distance)
                  20000030    00000004     (.common:flag)
                  20000034    00000004     (.common:hfxtFreq)
                  20000038    00000004     (.common:lfxtFreq)
                  2000003c    00000002     (.common:raw_adc)

.stack     0    2000fe00    00000200     UNINITIALIZED
                  2000fe00    00000004     rtsv7M4_T_le_v4SPD16_eabi.lib : boot_cortex_m.c.obj (.stack)
                  2000fe04    000001fc     --HOLE--

MODULE SUMMARY

       Module                        code   ro data   rw data
       ------                        ----   -------   -------
    .\
       system_msp432p401r.obj        808    0         4      
       startup_msp432p401r_ccs.obj   18     320       0      
       servo.obj                     316    0         0      
       main.obj                      260    0         36     
       ADC_driver.obj                228    0         0      
       clockConfig.obj               204    0         8      
       systick_init.obj              112    0         4      
    +--+-----------------------------+------+---------+---------+
       Total:                        1946   320       52     
                                                             
    C:/ti/msp/MSP432Ware_3_50_00_02/driverlib/driverlib/MSP432P4xx/ccs/msp432p4xx_driverlib.lib
       cs.o                          942    0         8      
       sysctl.o                      124    0         0      
    +--+-----------------------------+------+---------+---------+
       Total:                        1066   0         8      
                                                             
    C:\ti\ccsv7\tools\compiler\ti-cgt-arm_18.1.2.LTS\lib\rtsv7M4_T_le_v4SPD16_eabi.lib
       fd_div_t2.asm.obj             310    0         0      
       fd_mul_t2.asm.obj             252    0         0      
       memcpy_t2.asm.obj             156    0         0      
       fd_tos_t2.asm.obj             110    0         0      
       copy_decompress_lzss.c.obj    104    0         0      
       autoinit.c.obj                68     0         0      
       boot_cortex_m.c.obj           56     0         0      
       u_tofd_t2.asm.obj             32     0         0      
       copy_zero_init.c.obj          18     0         0      
       copy_decompress_none.c.obj    14     0         0      
       exit.c.obj                    4      0         0      
       pre_init.c.obj                4      0         0      
    +--+-----------------------------+------+---------+---------+
       Total:                        1128   0         0      
                                                             
       Stack:                        0      0         512    
       Linker Generated:             0      58        0      
    +--+-----------------------------+------+---------+---------+
       Grand Total:                  4140   378       572    


LINKER GENERATED COPY TABLES

__TI_cinit_table @ 000011a8 records: 2, size/record: 8, table size: 16
	.data: load addr=00001178, load size=00000016 bytes, run addr=20000000, run size=00000024 bytes, compression=lzss
	.bss: load addr=000011a0, load size=00000008 bytes, run addr=20000024, run size=0000001a bytes, compression=zero_init


LINKER GENERATED HANDLER TABLE

__TI_handler_table @ 00001190 records: 3, size/record: 4, table size: 12
	index: 0, handler: __TI_decompress_lzss
	index: 1, handler: __TI_decompress_none
	index: 2, handler: __TI_zero_init


GLOBAL SYMBOLS: SORTED ALPHABETICALLY BY Name 

address   name                              
-------   ----                              
00000a6d  ADC14_IRQHandler                  
20000004  ADC_Ready                         
000009e1  ADC_init                          
00000a5f  ADC_read                          
0000116f  C$$EXIT                           
0000107d  CS_clearInterruptFlag             
000006dd  CS_getDCOFrequency                
000010c1  CS_getMCLK                        
000010d9  CS_getSMCLK                       
000010f1  CS_setExternalClockSourceFrequency
00001165  CS_startHFXT                      
00000b91  CS_startHFXTWithTimeout           
20000000  IR_Flag                           
20000024  MCLKfreq                          
000004cb  PWM_Duty                          
00000489  PWM_Init                          
20000028  SMCLKfreq                         
00001129  SysCtl_disableNMISource           
00001139  SysCtl_enableNMISource            
00001159  SysCtl_getNMISourceStatus         
00000f1d  SysCtl_getTLVInfo                 
00000e21  SysTickISR                        
00000dd5  SysTick_Init                      
00000df1  SysTick_Load                      
00000e0d  SysTick_Start                     
20000020  SystemCoreClock                   
00000141  SystemCoreClockUpdate             
000003b5  SystemInit                        
4000480c  WDTCTL_SYM                        
20010000  __STACK_END                       
00000200  __STACK_SIZE                      
000011a8  __TI_CINIT_Base                   
000011b8  __TI_CINIT_Limit                  
00001190  __TI_Handler_Table_Base           
0000119c  __TI_Handler_Table_Limit          
00001001  __TI_auto_init_nobinit_nopinit    
00000eb3  __TI_decompress_lzss              
00001149  __TI_decompress_none              
ffffffff  __TI_pprof_out_hndl               
ffffffff  __TI_prof_data_size               
ffffffff  __TI_prof_data_start              
00000000  __TI_static_base__                
00001105  __TI_zero_init_nomemset           
00000e45  __aeabi_d2f                       
000005a5  __aeabi_ddiv                      
000008e5  __aeabi_dmul                      
00000cc9  __aeabi_memcpy                    
00000cc9  __aeabi_memcpy4                   
00000cc9  __aeabi_memcpy8                   
000010a1  __aeabi_ui2d                      
ffffffff  __binit__                         
ffffffff  __c_args__                        
UNDEFED   __mpu_init                        
2000fe00  __stack                           
00001045  _c_int00_noargs                   
UNDEFED   _system_post_cinit                
0000116b  _system_pre_init                  
0000116f  abort                             
ffffffff  binit                             
00000b0b  clockInit48MHzXTL                 
00000ad1  clockStartUp                      
20000018  default_pattern                   
2000002c  distance                          
20000014  duty_cycle                        
20000030  flag                              
00000ac5  getMCLKfreq                       
00000acb  getSMCLKfreq                      
20000010  index                             
00000000  interruptVectors                  
000007e1  main                              
00000cc9  memcpy                            
20000016  period                            
2000003c  raw_adc                           
000004eb  servo_move                        
0000052f  servo_pattern                     
00000469  servo_setup                       
2000000c  servo_triggered                   
20000008  tick_count                        


GLOBAL SYMBOLS: SORTED BY Symbol Address 

address   name                              
-------   ----                              
00000000  __TI_static_base__                
00000000  interruptVectors                  
00000141  SystemCoreClockUpdate             
00000200  __STACK_SIZE                      
000003b5  SystemInit                        
00000469  servo_setup                       
00000489  PWM_Init                          
000004cb  PWM_Duty                          
000004eb  servo_move                        
0000052f  servo_pattern                     
000005a5  __aeabi_ddiv                      
000006dd  CS_getDCOFrequency                
000007e1  main                              
000008e5  __aeabi_dmul                      
000009e1  ADC_init                          
00000a5f  ADC_read                          
00000a6d  ADC14_IRQHandler                  
00000ac5  getMCLKfreq                       
00000acb  getSMCLKfreq                      
00000ad1  clockStartUp                      
00000b0b  clockInit48MHzXTL                 
00000b91  CS_startHFXTWithTimeout           
00000cc9  __aeabi_memcpy                    
00000cc9  __aeabi_memcpy4                   
00000cc9  __aeabi_memcpy8                   
00000cc9  memcpy                            
00000dd5  SysTick_Init                      
00000df1  SysTick_Load                      
00000e0d  SysTick_Start                     
00000e21  SysTickISR                        
00000e45  __aeabi_d2f                       
00000eb3  __TI_decompress_lzss              
00000f1d  SysCtl_getTLVInfo                 
00001001  __TI_auto_init_nobinit_nopinit    
00001045  _c_int00_noargs                   
0000107d  CS_clearInterruptFlag             
000010a1  __aeabi_ui2d                      
000010c1  CS_getMCLK                        
000010d9  CS_getSMCLK                       
000010f1  CS_setExternalClockSourceFrequency
00001105  __TI_zero_init_nomemset           
00001129  SysCtl_disableNMISource           
00001139  SysCtl_enableNMISource            
00001149  __TI_decompress_none              
00001159  SysCtl_getNMISourceStatus         
00001165  CS_startHFXT                      
0000116b  _system_pre_init                  
0000116f  C$$EXIT                           
0000116f  abort                             
00001190  __TI_Handler_Table_Base           
0000119c  __TI_Handler_Table_Limit          
000011a8  __TI_CINIT_Base                   
000011b8  __TI_CINIT_Limit                  
20000000  IR_Flag                           
20000004  ADC_Ready                         
20000008  tick_count                        
2000000c  servo_triggered                   
20000010  index                             
20000014  duty_cycle                        
20000016  period                            
20000018  default_pattern                   
20000020  SystemCoreClock                   
20000024  MCLKfreq                          
20000028  SMCLKfreq                         
2000002c  distance                          
20000030  flag                              
2000003c  raw_adc                           
2000fe00  __stack                           
20010000  __STACK_END                       
4000480c  WDTCTL_SYM                        
ffffffff  __TI_pprof_out_hndl               
ffffffff  __TI_prof_data_size               
ffffffff  __TI_prof_data_start              
ffffffff  __binit__                         
ffffffff  __c_args__                        
ffffffff  binit                             
UNDEFED   __mpu_init                        
UNDEFED   _system_post_cinit                

[78 symbols]
