******************************************************************************
                  TI ARM Linker PC v18.1.2                     
******************************************************************************
>> Linked Sun Jun 24 15:54:59 2018

OUTPUT FILE NAME:   <EGR424_Project2_IR.out>
ENTRY POINT SYMBOL: "_c_int00_noargs"  address: 00000ff5


MEMORY CONFIGURATION

         name            origin    length      used     unused   attr    fill
----------------------  --------  ---------  --------  --------  ----  --------
  MAIN                  00000000   00040000  00001152  0003eeae  R  X
  INFO                  00200000   00004000  00000000  00004000  R  X
  SRAM_CODE             01000000   00010000  00000000  00010000  RW X
  SRAM_DATA             20000000   00010000  00000226  0000fdda  RW  


SEGMENT ALLOCATION MAP

run origin  load origin   length   init length attrs members
----------  ----------- ---------- ----------- ----- -------
00000000    00000000    00001158   00001158    r-x
  00000000    00000000    00000140   00000140    r-- .intvecs
  00000140    00000140    00000fe2   00000fe2    r-x .text
  00001128    00001128    00000030   00000030    r-- .cinit
20000000    20000000    00000028   00000000    rw-
  20000000    20000000    00000022   00000000    rw- .bss
  20000024    20000024    00000004   00000000    rw- .data
2000fe00    2000fe00    00000200   00000000    rw-
  2000fe00    2000fe00    00000200   00000000    rw- .stack


SECTION ALLOCATION MAP

 output                                  attributes/
section   page    origin      length       input sections
--------  ----  ----------  ----------   ----------------
.intvecs   0    00000000    00000140     
                  00000000    00000140     startup_msp432p401r_ccs.obj (.intvecs:retain)

.text      0    00000140    00000fe2     
                  00000140    00000328     system_msp432p401r.obj (.text)
                  00000468    00000136     rtsv7M4_T_le_v4SPD16_eabi.lib : fd_div_t2.asm.obj (.text)
                  0000059e    00000002     --HOLE-- [fill = 0]
                  000005a0    00000110     servo.obj (.text)
                  000006b0    00000104     msp432p4xx_driverlib.lib : cs.o (.text:CS_getDCOFrequency)
                  000007b4    000000fc     rtsv7M4_T_le_v4SPD16_eabi.lib : fd_mul_t2.asm.obj (.text)
                  000008b0    000000e4     ADC_driver.obj (.text)
                  00000994    000000e4     main.obj (.text)
                  00000a78    000000cc     clockConfig.obj (.text)
                  00000b44    0000009c     msp432p4xx_driverlib.lib : cs.o (.text:CS_startHFXTWithTimeout)
                  00000be0    0000009c                              : cs.o (.text:_CSComputeCLKFrequency)
                  00000c7c    0000009c     rtsv7M4_T_le_v4SPD16_eabi.lib : memcpy_t2.asm.obj (.text)
                  00000d18    00000070     msp432p4xx_driverlib.lib : cs.o (.text:_CSGetHFXTFrequency)
                  00000d88    0000006e     rtsv7M4_T_le_v4SPD16_eabi.lib : fd_tos_t2.asm.obj (.text)
                  00000df6    00000002     --HOLE-- [fill = 0]
                  00000df8    0000006c     systick_init.obj (.text)
                  00000e64    00000068     rtsv7M4_T_le_v4SPD16_eabi.lib : copy_decompress_lzss.c.obj (.text:decompress:lzss:__TI_decompress_lzss)
                  00000ecc    00000050     msp432p4xx_driverlib.lib : sysctl.o (.text:SysCtl_getTLVInfo)
                  00000f1c    0000004c                              : cs.o (.text:_CSGetDOCFrequency)
                  00000f68    00000048                              : cs.o (.text:_CSGetDividerValue)
                  00000fb0    00000044     rtsv7M4_T_le_v4SPD16_eabi.lib : autoinit.c.obj (.text:__TI_auto_init_nobinit_nopinit:__TI_auto_init_nobinit_nopinit)
                  00000ff4    00000038                                   : boot_cortex_m.c.obj (.text:_c_int00_noargs:_c_int00_noargs)
                  0000102c    00000024     msp432p4xx_driverlib.lib : cs.o (.text:CS_clearInterruptFlag)
                  00001050    00000020     rtsv7M4_T_le_v4SPD16_eabi.lib : u_tofd_t2.asm.obj (.text)
                  00001070    00000018     msp432p4xx_driverlib.lib : cs.o (.text:CS_getMCLK)
                  00001088    00000018                              : cs.o (.text:CS_getSMCLK)
                  000010a0    00000014                              : cs.o (.text:CS_setExternalClockSourceFrequency)
                  000010b4    00000012     rtsv7M4_T_le_v4SPD16_eabi.lib : copy_zero_init.c.obj (.text:decompress:ZI:__TI_zero_init_nomemset:__TI_zero_init_nomemset)
                  000010c6    00000012     startup_msp432p401r_ccs.obj (.text)
                  000010d8    00000010     msp432p4xx_driverlib.lib : sysctl.o (.text:SysCtl_disableNMISource)
                  000010e8    00000010                              : sysctl.o (.text:SysCtl_enableNMISource)
                  000010f8    0000000e     rtsv7M4_T_le_v4SPD16_eabi.lib : copy_decompress_none.c.obj (.text:decompress:none:__TI_decompress_none)
                  00001106    00000002     --HOLE-- [fill = 0]
                  00001108    0000000c     msp432p4xx_driverlib.lib : sysctl.o (.text:SysCtl_getNMISourceStatus)
                  00001114    00000006                              : cs.o (.text:CS_startHFXT)
                  0000111a    00000004     rtsv7M4_T_le_v4SPD16_eabi.lib : pre_init.c.obj (.text:_system_pre_init)
                  0000111e    00000004                                   : exit.c.obj (.text:abort:abort)

.cinit     0    00001128    00000030     
                  00001128    0000000c     (__TI_handler_table)
                  00001134    00000004     --HOLE-- [fill = 0]
                  00001138    00000008     (.cinit..bss.load) [load image, compression = zero_init]
                  00001140    00000008     (.cinit..data.load) [load image, compression = lzss]
                  00001148    00000010     (__TI_cinit_table)

.init_array 
*          0    00000000    00000000     UNINITIALIZED

.bss       0    20000000    00000022     UNINITIALIZED
                  20000000    00000004     (.common:ADC_Ready)
                  20000004    00000004     (.common:IR_Flag)
                  20000008    00000004     (.common:MCLKfreq)
                  2000000c    00000004     (.common:SMCLKfreq)
                  20000010    00000004     (.common:distance)
                  20000014    00000004     (.common:flag)
                  20000018    00000004     (.common:hfxtFreq)
                  2000001c    00000004     (.common:lfxtFreq)
                  20000020    00000002     (.common:raw_adc)

.data      0    20000024    00000004     UNINITIALIZED
                  20000024    00000004     system_msp432p401r.obj (.data)

.stack     0    2000fe00    00000200     UNINITIALIZED
                  2000fe00    00000004     rtsv7M4_T_le_v4SPD16_eabi.lib : boot_cortex_m.c.obj (.stack)
                  2000fe04    000001fc     --HOLE--

MODULE SUMMARY

       Module                        code   ro data   rw data
       ------                        ----   -------   -------
    .\
       system_msp432p401r.obj        808    0         4      
       startup_msp432p401r_ccs.obj   18     320       0      
       servo.obj                     272    0         0      
       main.obj                      228    0         14     
       ADC_driver.obj                228    0         0      
       clockConfig.obj               204    0         8      
       systick_init.obj              108    0         4      
    +--+-----------------------------+------+---------+---------+
       Total:                        1866   320       30     
                                                             
    C:/ti/msp/MSP432Ware_3_50_00_02/driverlib/driverlib/MSP432P4xx/ccs/msp432p4xx_driverlib.lib
       cs.o                          942    0         8      
       sysctl.o                      124    0         0      
    +--+-----------------------------+------+---------+---------+
       Total:                        1066   0         8      
                                                             
    C:\ti\ccsv7\tools\compiler\ti-cgt-arm_18.1.2.LTS\lib\rtsv7M4_T_le_v4SPD16_eabi.lib
       fd_div_t2.asm.obj             310    0         0      
       fd_mul_t2.asm.obj             252    0         0      
       memcpy_t2.asm.obj             156    0         0      
       fd_tos_t2.asm.obj             110    0         0      
       copy_decompress_lzss.c.obj    104    0         0      
       autoinit.c.obj                68     0         0      
       boot_cortex_m.c.obj           56     0         0      
       u_tofd_t2.asm.obj             32     0         0      
       copy_zero_init.c.obj          18     0         0      
       copy_decompress_none.c.obj    14     0         0      
       exit.c.obj                    4      0         0      
       pre_init.c.obj                4      0         0      
    +--+-----------------------------+------+---------+---------+
       Total:                        1128   0         0      
                                                             
       Stack:                        0      0         512    
       Linker Generated:             0      44        0      
    +--+-----------------------------+------+---------+---------+
       Grand Total:                  4060   364       550    


LINKER GENERATED COPY TABLES

__TI_cinit_table @ 00001148 records: 2, size/record: 8, table size: 16
	.bss: load addr=00001138, load size=00000008 bytes, run addr=20000000, run size=00000022 bytes, compression=zero_init
	.data: load addr=00001140, load size=00000008 bytes, run addr=20000024, run size=00000004 bytes, compression=lzss


LINKER GENERATED HANDLER TABLE

__TI_handler_table @ 00001128 records: 3, size/record: 4, table size: 12
	index: 0, handler: __TI_decompress_lzss
	index: 1, handler: __TI_decompress_none
	index: 2, handler: __TI_zero_init


GLOBAL SYMBOLS: SORTED ALPHABETICALLY BY Name 

address   name                              
-------   ----                              
0000093d  ADC14_IRQHandler                  
20000000  ADC_Ready                         
000008b1  ADC_init                          
0000092f  ADC_read                          
0000111f  C$$EXIT                           
0000102d  CS_clearInterruptFlag             
000006b1  CS_getDCOFrequency                
00001071  CS_getMCLK                        
00001089  CS_getSMCLK                       
000010a1  CS_setExternalClockSourceFrequency
00001115  CS_startHFXT                      
00000b45  CS_startHFXTWithTimeout           
20000004  IR_Flag                           
20000008  MCLKfreq                          
00000659  PWM_Duty1                         
000005af  PWM_Init                          
2000000c  SMCLKfreq                         
000010d9  SysCtl_disableNMISource           
000010e9  SysCtl_enableNMISource            
00001109  SysCtl_getNMISourceStatus         
00000ecd  SysCtl_getTLVInfo                 
00000e45  SysTickISR                        
00000df9  SysTick_Init                      
00000e15  SysTick_Load                      
00000e31  SysTick_Start                     
20000024  SystemCoreClock                   
00000141  SystemCoreClockUpdate             
000003b5  SystemInit                        
4000480c  WDTCTL_SYM                        
20010000  __STACK_END                       
00000200  __STACK_SIZE                      
00001148  __TI_CINIT_Base                   
00001158  __TI_CINIT_Limit                  
00001128  __TI_Handler_Table_Base           
00001134  __TI_Handler_Table_Limit          
00000fb1  __TI_auto_init_nobinit_nopinit    
00000e65  __TI_decompress_lzss              
000010f9  __TI_decompress_none              
ffffffff  __TI_pprof_out_hndl               
ffffffff  __TI_prof_data_size               
ffffffff  __TI_prof_data_start              
00000000  __TI_static_base__                
000010b5  __TI_zero_init_nomemset           
00000d89  __aeabi_d2f                       
00000469  __aeabi_ddiv                      
000007b5  __aeabi_dmul                      
00000c7d  __aeabi_memcpy                    
00000c7d  __aeabi_memcpy4                   
00000c7d  __aeabi_memcpy8                   
00001051  __aeabi_ui2d                      
ffffffff  __binit__                         
ffffffff  __c_args__                        
UNDEFED   __mpu_init                        
2000fe00  __stack                           
00000ff5  _c_int00_noargs                   
UNDEFED   _system_post_cinit                
0000111b  _system_pre_init                  
0000111f  abort                             
ffffffff  binit                             
00000abf  clockInit48MHzXTL                 
00000a85  clockStartUp                      
20000010  distance                          
20000014  flag                              
00000a79  getMCLKfreq                       
00000a7f  getSMCLKfreq                      
00000000  interruptVectors                  
00000995  main                              
00000c7d  memcpy                            
20000020  raw_adc                           
000005a1  servo_setup                       


GLOBAL SYMBOLS: SORTED BY Symbol Address 

address   name                              
-------   ----                              
00000000  __TI_static_base__                
00000000  interruptVectors                  
00000141  SystemCoreClockUpdate             
00000200  __STACK_SIZE                      
000003b5  SystemInit                        
00000469  __aeabi_ddiv                      
000005a1  servo_setup                       
000005af  PWM_Init                          
00000659  PWM_Duty1                         
000006b1  CS_getDCOFrequency                
000007b5  __aeabi_dmul                      
000008b1  ADC_init                          
0000092f  ADC_read                          
0000093d  ADC14_IRQHandler                  
00000995  main                              
00000a79  getMCLKfreq                       
00000a7f  getSMCLKfreq                      
00000a85  clockStartUp                      
00000abf  clockInit48MHzXTL                 
00000b45  CS_startHFXTWithTimeout           
00000c7d  __aeabi_memcpy                    
00000c7d  __aeabi_memcpy4                   
00000c7d  __aeabi_memcpy8                   
00000c7d  memcpy                            
00000d89  __aeabi_d2f                       
00000df9  SysTick_Init                      
00000e15  SysTick_Load                      
00000e31  SysTick_Start                     
00000e45  SysTickISR                        
00000e65  __TI_decompress_lzss              
00000ecd  SysCtl_getTLVInfo                 
00000fb1  __TI_auto_init_nobinit_nopinit    
00000ff5  _c_int00_noargs                   
0000102d  CS_clearInterruptFlag             
00001051  __aeabi_ui2d                      
00001071  CS_getMCLK                        
00001089  CS_getSMCLK                       
000010a1  CS_setExternalClockSourceFrequency
000010b5  __TI_zero_init_nomemset           
000010d9  SysCtl_disableNMISource           
000010e9  SysCtl_enableNMISource            
000010f9  __TI_decompress_none              
00001109  SysCtl_getNMISourceStatus         
00001115  CS_startHFXT                      
0000111b  _system_pre_init                  
0000111f  C$$EXIT                           
0000111f  abort                             
00001128  __TI_Handler_Table_Base           
00001134  __TI_Handler_Table_Limit          
00001148  __TI_CINIT_Base                   
00001158  __TI_CINIT_Limit                  
20000000  ADC_Ready                         
20000004  IR_Flag                           
20000008  MCLKfreq                          
2000000c  SMCLKfreq                         
20000010  distance                          
20000014  flag                              
20000020  raw_adc                           
20000024  SystemCoreClock                   
2000fe00  __stack                           
20010000  __STACK_END                       
4000480c  WDTCTL_SYM                        
ffffffff  __TI_pprof_out_hndl               
ffffffff  __TI_prof_data_size               
ffffffff  __TI_prof_data_start              
ffffffff  __binit__                         
ffffffff  __c_args__                        
ffffffff  binit                             
UNDEFED   __mpu_init                        
UNDEFED   _system_post_cinit                

[70 symbols]
